-- The C compiler identification is GNU 13.3.0
-- The CXX compiler identification is GNU 13.3.0
-- Detecting C compiler ABI info
-- Detecting C compiler ABI info - done
-- Check for working C compiler: /usr/bin/cc - skipped
-- Detecting C compile features
-- Detecting C compile features - done
-- Detecting CXX compiler ABI info
-- Detecting CXX compiler ABI info - done
-- Check for working CXX compiler: /usr/bin/c++ - skipped
-- Detecting CXX compile features
-- Detecting CXX compile features - done
-- Found ament_cmake: 2.5.6 (/opt/ros/jazzy/share/ament_cmake/cmake)
-- Found Python3: /usr/bin/python3 (found version "3.12.3") found components: Interpreter 
-- Override CMake install command with custom implementation using symlinks instead of copying resources
-- Found rclpy: 7.1.11 (/opt/ros/jazzy/share/rclpy/cmake)
-- Configuring done (0.8s)
-- Generating done (0.0s)
-- Build files have been written to: /home/abhiniraula/Documents/Electronics Engineering/Sixth Semester/Minor Project/Minor Project Code/SLAM_Prototype_Niraj/build/esp32_bot
-- Install configuration: ""
-- Execute custom install script
-- Symlinking: /home/abhiniraula/Documents/Electronics Engineering/Sixth Semester/Minor Project/Minor Project Code/SLAM_Prototype_Niraj/install/esp32_bot/share/esp32_bot/urdf/esp32_bot.urdf
-- Symlinking: /home/abhiniraula/Documents/Electronics Engineering/Sixth Semester/Minor Project/Minor Project Code/SLAM_Prototype_Niraj/install/esp32_bot/share/esp32_bot/urdf/esp32_bot1.urdf
-- Symlinking: /home/abhiniraula/Documents/Electronics Engineering/Sixth Semester/Minor Project/Minor Project Code/SLAM_Prototype_Niraj/install/esp32_bot/share/esp32_bot/urdf/temp.file
-- Symlinking: /home/abhiniraula/Documents/Electronics Engineering/Sixth Semester/Minor Project/Minor Project Code/SLAM_Prototype_Niraj/install/esp32_bot/share/esp32_bot/launch/__pycache__/display.launch.cpython-312.pyc
-- Symlinking: /home/abhiniraula/Documents/Electronics Engineering/Sixth Semester/Minor Project/Minor Project Code/SLAM_Prototype_Niraj/install/esp32_bot/share/esp32_bot/launch/display.launch.py
-- Symlinking: /home/abhiniraula/Documents/Electronics Engineering/Sixth Semester/Minor Project/Minor Project Code/SLAM_Prototype_Niraj/install/esp32_bot/share/esp32_bot/rviz/esp32_bot.rviz
-- Symlinking: /home/abhiniraula/Documents/Electronics Engineering/Sixth Semester/Minor Project/Minor Project Code/SLAM_Prototype_Niraj/install/esp32_bot/share/esp32_bot/meshes/base_link.stl
-- Symlinking: /home/abhiniraula/Documents/Electronics Engineering/Sixth Semester/Minor Project/Minor Project Code/SLAM_Prototype_Niraj/install/esp32_bot/share/esp32_bot/meshes/caster_front_1.stl
-- Symlinking: /home/abhiniraula/Documents/Electronics Engineering/Sixth Semester/Minor Project/Minor Project Code/SLAM_Prototype_Niraj/install/esp32_bot/share/esp32_bot/meshes/caster_rear_1.stl
-- Symlinking: /home/abhiniraula/Documents/Electronics Engineering/Sixth Semester/Minor Project/Minor Project Code/SLAM_Prototype_Niraj/install/esp32_bot/share/esp32_bot/meshes/laser_1.stl
-- Symlinking: /home/abhiniraula/Documents/Electronics Engineering/Sixth Semester/Minor Project/Minor Project Code/SLAM_Prototype_Niraj/install/esp32_bot/share/esp32_bot/meshes/left_wheel_1.stl
-- Symlinking: /home/abhiniraula/Documents/Electronics Engineering/Sixth Semester/Minor Project/Minor Project Code/SLAM_Prototype_Niraj/install/esp32_bot/share/esp32_bot/meshes/right_wheel_1.stl
-- Symlinking: /home/abhiniraula/Documents/Electronics Engineering/Sixth Semester/Minor Project/Minor Project Code/SLAM_Prototype_Niraj/install/esp32_bot/share/ament_index/resource_index/package_run_dependencies/esp32_bot
-- Symlinking: /home/abhiniraula/Documents/Electronics Engineering/Sixth Semester/Minor Project/Minor Project Code/SLAM_Prototype_Niraj/install/esp32_bot/share/ament_index/resource_index/parent_prefix_path/esp32_bot
-- Symlinking: /home/abhiniraula/Documents/Electronics Engineering/Sixth Semester/Minor Project/Minor Project Code/SLAM_Prototype_Niraj/install/esp32_bot/share/esp32_bot/environment/ament_prefix_path.sh
-- Symlinking: /home/abhiniraula/Documents/Electronics Engineering/Sixth Semester/Minor Project/Minor Project Code/SLAM_Prototype_Niraj/install/esp32_bot/share/esp32_bot/environment/ament_prefix_path.dsv
-- Symlinking: /home/abhiniraula/Documents/Electronics Engineering/Sixth Semester/Minor Project/Minor Project Code/SLAM_Prototype_Niraj/install/esp32_bot/share/esp32_bot/environment/path.sh
-- Symlinking: /home/abhiniraula/Documents/Electronics Engineering/Sixth Semester/Minor Project/Minor Project Code/SLAM_Prototype_Niraj/install/esp32_bot/share/esp32_bot/environment/path.dsv
-- Symlinking: /home/abhiniraula/Documents/Electronics Engineering/Sixth Semester/Minor Project/Minor Project Code/SLAM_Prototype_Niraj/install/esp32_bot/share/esp32_bot/local_setup.bash
-- Symlinking: /home/abhiniraula/Documents/Electronics Engineering/Sixth Semester/Minor Project/Minor Project Code/SLAM_Prototype_Niraj/install/esp32_bot/share/esp32_bot/local_setup.sh
-- Symlinking: /home/abhiniraula/Documents/Electronics Engineering/Sixth Semester/Minor Project/Minor Project Code/SLAM_Prototype_Niraj/install/esp32_bot/share/esp32_bot/local_setup.zsh
-- Symlinking: /home/abhiniraula/Documents/Electronics Engineering/Sixth Semester/Minor Project/Minor Project Code/SLAM_Prototype_Niraj/install/esp32_bot/share/esp32_bot/local_setup.dsv
-- Symlinking: /home/abhiniraula/Documents/Electronics Engineering/Sixth Semester/Minor Project/Minor Project Code/SLAM_Prototype_Niraj/install/esp32_bot/share/esp32_bot/package.dsv
-- Symlinking: /home/abhiniraula/Documents/Electronics Engineering/Sixth Semester/Minor Project/Minor Project Code/SLAM_Prototype_Niraj/install/esp32_bot/share/ament_index/resource_index/packages/esp32_bot
-- Symlinking: /home/abhiniraula/Documents/Electronics Engineering/Sixth Semester/Minor Project/Minor Project Code/SLAM_Prototype_Niraj/install/esp32_bot/share/esp32_bot/cmake/esp32_botConfig.cmake
-- Symlinking: /home/abhiniraula/Documents/Electronics Engineering/Sixth Semester/Minor Project/Minor Project Code/SLAM_Prototype_Niraj/install/esp32_bot/share/esp32_bot/cmake/esp32_botConfig-version.cmake
-- Symlinking: /home/abhiniraula/Documents/Electronics Engineering/Sixth Semester/Minor Project/Minor Project Code/SLAM_Prototype_Niraj/install/esp32_bot/share/esp32_bot/package.xml
-- Installing: /home/abhiniraula/Documents/Electronics Engineering/Sixth Semester/Minor Project/Minor Project Code/SLAM_Prototype_Niraj/install/esp32_bot/lib/esp32_bot/tf_relay
