[0.124s] DEBUG:colcon:Command line arguments: ['/usr/bin/colcon', 'build']
[0.125s] DEBUG:colcon:Parsed command line arguments: Namespace(log_base=None, log_level=None, verb_name='build', build_base='build', install_base='install', merge_install=False, symlink_install=False, test_result_base=None, continue_on_error=False, executor='parallel', parallel_workers=8, event_handlers=None, ignore_user_meta=False, metas=['./colcon.meta'], base_paths=['.'], packages_ignore=None, packages_ignore_regex=None, paths=None, packages_up_to=None, packages_up_to_regex=None, packages_above=None, packages_above_and_dependencies=None, packages_above_depth=None, packages_select_by_dep=None, packages_skip_by_dep=None, packages_skip_up_to=None, packages_select_build_failed=False, packages_skip_build_finished=False, packages_select_test_failures=False, packages_skip_test_passed=False, packages_select=None, packages_skip=None, packages_select_regex=None, packages_skip_regex=None, packages_start=None, packages_end=None, allow_overriding=[], cmake_args=None, cmake_target=None, cmake_target_skip_unavailable=False, cmake_clean_cache=False, cmake_clean_first=False, cmake_force_configure=False, ament_cmake_args=None, catkin_cmake_args=None, catkin_skip_building_tests=False, mixin_files=None, mixin=None, verb_parser=<colcon_mixin.mixin.mixin_argument.MixinArgumentDecorator object at 0x75bc646a9280>, verb_extension=<colcon_core.verb.build.BuildVerb object at 0x75bc650cf560>, main=<bound method BuildVerb.main of <colcon_core.verb.build.BuildVerb object at 0x75bc650cf560>>, mixin_verb=('build',))
[0.162s] Level 1:colcon.colcon_core.package_discovery:discover_packages(colcon_meta) check parameters
[0.162s] Level 1:colcon.colcon_core.package_discovery:discover_packages(recursive) check parameters
[0.162s] Level 1:colcon.colcon_core.package_discovery:discover_packages(ignore) check parameters
[0.162s] Level 1:colcon.colcon_core.package_discovery:discover_packages(path) check parameters
[0.162s] Level 1:colcon.colcon_core.package_discovery:discover_packages(colcon_meta) discover
[0.162s] Level 1:colcon.colcon_core.package_discovery:discover_packages(recursive) discover
[0.162s] INFO:colcon.colcon_core.package_discovery:Crawling recursively for packages in '/home/abhiniraula/Documents/Electronics Engineering/Sixth Semester/Minor Project/Minor Project Code/SLAM_Prototype_Niraj'
[0.162s] Level 1:colcon.colcon_core.package_identification:_identify(.) by extensions ['ignore', 'ignore_ament_install']
[0.162s] Level 1:colcon.colcon_core.package_identification:_identify(.) by extension 'ignore'
[0.162s] Level 1:colcon.colcon_core.package_identification:_identify(.) by extension 'ignore_ament_install'
[0.162s] Level 1:colcon.colcon_core.package_identification:_identify(.) by extensions ['colcon_pkg']
[0.163s] Level 1:colcon.colcon_core.package_identification:_identify(.) by extension 'colcon_pkg'
[0.163s] Level 1:colcon.colcon_core.package_identification:_identify(.) by extensions ['colcon_meta']
[0.163s] Level 1:colcon.colcon_core.package_identification:_identify(.) by extension 'colcon_meta'
[0.163s] Level 1:colcon.colcon_core.package_identification:_identify(.) by extensions ['ros']
[0.163s] Level 1:colcon.colcon_core.package_identification:_identify(.) by extension 'ros'
[0.190s] Level 1:colcon.colcon_core.package_identification:_identify(.) by extensions ['cmake', 'python']
[0.191s] Level 1:colcon.colcon_core.package_identification:_identify(.) by extension 'cmake'
[0.191s] Level 1:colcon.colcon_core.package_identification:_identify(.) by extension 'python'
[0.191s] Level 1:colcon.colcon_core.package_identification:_identify(.) by extensions ['python_setup_py']
[0.191s] Level 1:colcon.colcon_core.package_identification:_identify(.) by extension 'python_setup_py'
[0.191s] Level 1:colcon.colcon_core.package_identification:_identify(SLAM_bot_code) by extensions ['ignore', 'ignore_ament_install']
[0.191s] Level 1:colcon.colcon_core.package_identification:_identify(SLAM_bot_code) by extension 'ignore'
[0.191s] Level 1:colcon.colcon_core.package_identification:_identify(SLAM_bot_code) by extension 'ignore_ament_install'
[0.191s] Level 1:colcon.colcon_core.package_identification:_identify(SLAM_bot_code) by extensions ['colcon_pkg']
[0.191s] Level 1:colcon.colcon_core.package_identification:_identify(SLAM_bot_code) by extension 'colcon_pkg'
[0.191s] Level 1:colcon.colcon_core.package_identification:_identify(SLAM_bot_code) by extensions ['colcon_meta']
[0.191s] Level 1:colcon.colcon_core.package_identification:_identify(SLAM_bot_code) by extension 'colcon_meta'
[0.191s] Level 1:colcon.colcon_core.package_identification:_identify(SLAM_bot_code) by extensions ['ros']
[0.191s] Level 1:colcon.colcon_core.package_identification:_identify(SLAM_bot_code) by extension 'ros'
[0.191s] Level 1:colcon.colcon_core.package_identification:_identify(SLAM_bot_code) by extensions ['cmake', 'python']
[0.192s] Level 1:colcon.colcon_core.package_identification:_identify(SLAM_bot_code) by extension 'cmake'
[0.192s] Level 1:colcon.colcon_core.package_identification:_identify(SLAM_bot_code) by extension 'python'
[0.192s] Level 1:colcon.colcon_core.package_identification:_identify(SLAM_bot_code) by extensions ['python_setup_py']
[0.192s] Level 1:colcon.colcon_core.package_identification:_identify(SLAM_bot_code) by extension 'python_setup_py'
[0.192s] Level 1:colcon.colcon_core.package_identification:_identify(SLAM_bot_code/extra) by extensions ['ignore', 'ignore_ament_install']
[0.192s] Level 1:colcon.colcon_core.package_identification:_identify(SLAM_bot_code/extra) by extension 'ignore'
[0.192s] Level 1:colcon.colcon_core.package_identification:_identify(SLAM_bot_code/extra) by extension 'ignore_ament_install'
[0.192s] Level 1:colcon.colcon_core.package_identification:_identify(SLAM_bot_code/extra) by extensions ['colcon_pkg']
[0.192s] Level 1:colcon.colcon_core.package_identification:_identify(SLAM_bot_code/extra) by extension 'colcon_pkg'
[0.192s] Level 1:colcon.colcon_core.package_identification:_identify(SLAM_bot_code/extra) by extensions ['colcon_meta']
[0.192s] Level 1:colcon.colcon_core.package_identification:_identify(SLAM_bot_code/extra) by extension 'colcon_meta'
[0.192s] Level 1:colcon.colcon_core.package_identification:_identify(SLAM_bot_code/extra) by extensions ['ros']
[0.192s] Level 1:colcon.colcon_core.package_identification:_identify(SLAM_bot_code/extra) by extension 'ros'
[0.192s] Level 1:colcon.colcon_core.package_identification:_identify(SLAM_bot_code/extra) by extensions ['cmake', 'python']
[0.192s] Level 1:colcon.colcon_core.package_identification:_identify(SLAM_bot_code/extra) by extension 'cmake'
[0.192s] Level 1:colcon.colcon_core.package_identification:_identify(SLAM_bot_code/extra) by extension 'python'
[0.192s] Level 1:colcon.colcon_core.package_identification:_identify(SLAM_bot_code/extra) by extensions ['python_setup_py']
[0.193s] Level 1:colcon.colcon_core.package_identification:_identify(SLAM_bot_code/extra) by extension 'python_setup_py'
[0.193s] Level 1:colcon.colcon_core.package_identification:_identify(SLAM_bot_code/include) by extensions ['ignore', 'ignore_ament_install']
[0.193s] Level 1:colcon.colcon_core.package_identification:_identify(SLAM_bot_code/include) by extension 'ignore'
[0.193s] Level 1:colcon.colcon_core.package_identification:_identify(SLAM_bot_code/include) by extension 'ignore_ament_install'
[0.193s] Level 1:colcon.colcon_core.package_identification:_identify(SLAM_bot_code/include) by extensions ['colcon_pkg']
[0.193s] Level 1:colcon.colcon_core.package_identification:_identify(SLAM_bot_code/include) by extension 'colcon_pkg'
[0.193s] Level 1:colcon.colcon_core.package_identification:_identify(SLAM_bot_code/include) by extensions ['colcon_meta']
[0.193s] Level 1:colcon.colcon_core.package_identification:_identify(SLAM_bot_code/include) by extension 'colcon_meta'
[0.193s] Level 1:colcon.colcon_core.package_identification:_identify(SLAM_bot_code/include) by extensions ['ros']
[0.193s] Level 1:colcon.colcon_core.package_identification:_identify(SLAM_bot_code/include) by extension 'ros'
[0.193s] Level 1:colcon.colcon_core.package_identification:_identify(SLAM_bot_code/include) by extensions ['cmake', 'python']
[0.193s] Level 1:colcon.colcon_core.package_identification:_identify(SLAM_bot_code/include) by extension 'cmake'
[0.193s] Level 1:colcon.colcon_core.package_identification:_identify(SLAM_bot_code/include) by extension 'python'
[0.193s] Level 1:colcon.colcon_core.package_identification:_identify(SLAM_bot_code/include) by extensions ['python_setup_py']
[0.193s] Level 1:colcon.colcon_core.package_identification:_identify(SLAM_bot_code/include) by extension 'python_setup_py'
[0.194s] Level 1:colcon.colcon_core.package_identification:_identify(SLAM_bot_code/lib) by extensions ['ignore', 'ignore_ament_install']
[0.194s] Level 1:colcon.colcon_core.package_identification:_identify(SLAM_bot_code/lib) by extension 'ignore'
[0.194s] Level 1:colcon.colcon_core.package_identification:_identify(SLAM_bot_code/lib) by extension 'ignore_ament_install'
[0.194s] Level 1:colcon.colcon_core.package_identification:_identify(SLAM_bot_code/lib) by extensions ['colcon_pkg']
[0.194s] Level 1:colcon.colcon_core.package_identification:_identify(SLAM_bot_code/lib) by extension 'colcon_pkg'
[0.194s] Level 1:colcon.colcon_core.package_identification:_identify(SLAM_bot_code/lib) by extensions ['colcon_meta']
[0.194s] Level 1:colcon.colcon_core.package_identification:_identify(SLAM_bot_code/lib) by extension 'colcon_meta'
[0.194s] Level 1:colcon.colcon_core.package_identification:_identify(SLAM_bot_code/lib) by extensions ['ros']
[0.194s] Level 1:colcon.colcon_core.package_identification:_identify(SLAM_bot_code/lib) by extension 'ros'
[0.194s] Level 1:colcon.colcon_core.package_identification:_identify(SLAM_bot_code/lib) by extensions ['cmake', 'python']
[0.194s] Level 1:colcon.colcon_core.package_identification:_identify(SLAM_bot_code/lib) by extension 'cmake'
[0.194s] Level 1:colcon.colcon_core.package_identification:_identify(SLAM_bot_code/lib) by extension 'python'
[0.194s] Level 1:colcon.colcon_core.package_identification:_identify(SLAM_bot_code/lib) by extensions ['python_setup_py']
[0.194s] Level 1:colcon.colcon_core.package_identification:_identify(SLAM_bot_code/lib) by extension 'python_setup_py'
[0.194s] Level 1:colcon.colcon_core.package_identification:_identify(SLAM_bot_code/src) by extensions ['ignore', 'ignore_ament_install']
[0.194s] Level 1:colcon.colcon_core.package_identification:_identify(SLAM_bot_code/src) by extension 'ignore'
[0.194s] Level 1:colcon.colcon_core.package_identification:_identify(SLAM_bot_code/src) by extension 'ignore_ament_install'
[0.195s] Level 1:colcon.colcon_core.package_identification:_identify(SLAM_bot_code/src) by extensions ['colcon_pkg']
[0.195s] Level 1:colcon.colcon_core.package_identification:_identify(SLAM_bot_code/src) by extension 'colcon_pkg'
[0.195s] Level 1:colcon.colcon_core.package_identification:_identify(SLAM_bot_code/src) by extensions ['colcon_meta']
[0.195s] Level 1:colcon.colcon_core.package_identification:_identify(SLAM_bot_code/src) by extension 'colcon_meta'
[0.195s] Level 1:colcon.colcon_core.package_identification:_identify(SLAM_bot_code/src) by extensions ['ros']
[0.195s] Level 1:colcon.colcon_core.package_identification:_identify(SLAM_bot_code/src) by extension 'ros'
[0.195s] Level 1:colcon.colcon_core.package_identification:_identify(SLAM_bot_code/src) by extensions ['cmake', 'python']
[0.195s] Level 1:colcon.colcon_core.package_identification:_identify(SLAM_bot_code/src) by extension 'cmake'
[0.195s] Level 1:colcon.colcon_core.package_identification:_identify(SLAM_bot_code/src) by extension 'python'
[0.195s] Level 1:colcon.colcon_core.package_identification:_identify(SLAM_bot_code/src) by extensions ['python_setup_py']
[0.195s] Level 1:colcon.colcon_core.package_identification:_identify(SLAM_bot_code/src) by extension 'python_setup_py'
[0.195s] Level 1:colcon.colcon_core.package_identification:_identify(SLAM_bot_code/test) by extensions ['ignore', 'ignore_ament_install']
[0.195s] Level 1:colcon.colcon_core.package_identification:_identify(SLAM_bot_code/test) by extension 'ignore'
[0.195s] Level 1:colcon.colcon_core.package_identification:_identify(SLAM_bot_code/test) by extension 'ignore_ament_install'
[0.195s] Level 1:colcon.colcon_core.package_identification:_identify(SLAM_bot_code/test) by extensions ['colcon_pkg']
[0.196s] Level 1:colcon.colcon_core.package_identification:_identify(SLAM_bot_code/test) by extension 'colcon_pkg'
[0.196s] Level 1:colcon.colcon_core.package_identification:_identify(SLAM_bot_code/test) by extensions ['colcon_meta']
[0.196s] Level 1:colcon.colcon_core.package_identification:_identify(SLAM_bot_code/test) by extension 'colcon_meta'
[0.196s] Level 1:colcon.colcon_core.package_identification:_identify(SLAM_bot_code/test) by extensions ['ros']
[0.196s] Level 1:colcon.colcon_core.package_identification:_identify(SLAM_bot_code/test) by extension 'ros'
[0.196s] Level 1:colcon.colcon_core.package_identification:_identify(SLAM_bot_code/test) by extensions ['cmake', 'python']
[0.196s] Level 1:colcon.colcon_core.package_identification:_identify(SLAM_bot_code/test) by extension 'cmake'
[0.196s] Level 1:colcon.colcon_core.package_identification:_identify(SLAM_bot_code/test) by extension 'python'
[0.196s] Level 1:colcon.colcon_core.package_identification:_identify(SLAM_bot_code/test) by extensions ['python_setup_py']
[0.196s] Level 1:colcon.colcon_core.package_identification:_identify(SLAM_bot_code/test) by extension 'python_setup_py'
[0.196s] Level 1:colcon.colcon_core.package_identification:_identify(build) by extensions ['ignore', 'ignore_ament_install']
[0.196s] Level 1:colcon.colcon_core.package_identification:_identify(build) by extension 'ignore'
[0.196s] Level 1:colcon.colcon_core.package_identification:_identify(build) ignored
[0.196s] Level 1:colcon.colcon_core.package_identification:_identify(esp32_bot_description) by extensions ['ignore', 'ignore_ament_install']
[0.197s] Level 1:colcon.colcon_core.package_identification:_identify(esp32_bot_description) by extension 'ignore'
[0.197s] Level 1:colcon.colcon_core.package_identification:_identify(esp32_bot_description) by extension 'ignore_ament_install'
[0.197s] Level 1:colcon.colcon_core.package_identification:_identify(esp32_bot_description) by extensions ['colcon_pkg']
[0.197s] Level 1:colcon.colcon_core.package_identification:_identify(esp32_bot_description) by extension 'colcon_pkg'
[0.197s] Level 1:colcon.colcon_core.package_identification:_identify(esp32_bot_description) by extensions ['colcon_meta']
[0.197s] Level 1:colcon.colcon_core.package_identification:_identify(esp32_bot_description) by extension 'colcon_meta'
[0.197s] Level 1:colcon.colcon_core.package_identification:_identify(esp32_bot_description) by extensions ['ros']
[0.197s] Level 1:colcon.colcon_core.package_identification:_identify(esp32_bot_description) by extension 'ros'
[0.200s] DEBUG:colcon.colcon_core.package_identification:Package 'esp32_bot_description' with type 'ros.ament_cmake' and name 'esp32_bot'
[0.201s] Level 1:colcon.colcon_core.package_identification:_identify(install) by extensions ['ignore', 'ignore_ament_install']
[0.201s] Level 1:colcon.colcon_core.package_identification:_identify(install) by extension 'ignore'
[0.201s] Level 1:colcon.colcon_core.package_identification:_identify(install) ignored
[0.201s] Level 1:colcon.colcon_core.package_identification:_identify(log) by extensions ['ignore', 'ignore_ament_install']
[0.201s] Level 1:colcon.colcon_core.package_identification:_identify(log) by extension 'ignore'
[0.201s] Level 1:colcon.colcon_core.package_identification:_identify(log) ignored
[0.201s] Level 1:colcon.colcon_core.package_discovery:discover_packages(recursive) using defaults
[0.201s] Level 1:colcon.colcon_core.package_discovery:discover_packages(ignore) discover
[0.201s] Level 1:colcon.colcon_core.package_discovery:discover_packages(ignore) using defaults
[0.201s] Level 1:colcon.colcon_core.package_discovery:discover_packages(path) discover
[0.201s] Level 1:colcon.colcon_core.package_discovery:discover_packages(path) using defaults
[0.226s] Level 1:colcon.colcon_core.package_discovery:discover_packages(prefix_path) check parameters
[0.226s] Level 1:colcon.colcon_core.package_discovery:discover_packages(prefix_path) discover
[0.228s] DEBUG:colcon.colcon_installed_package_information.package_discovery:Found 1 installed packages in /home/abhiniraula/Documents/Electronics Engineering/Sixth Semester/Minor Project/Minor Project Code/SLAM_Prototype_Niraj/install
[0.229s] DEBUG:colcon.colcon_installed_package_information.package_discovery:Found 342 installed packages in /opt/ros/jazzy
[0.231s] Level 1:colcon.colcon_core.package_discovery:discover_packages(prefix_path) using defaults
[0.289s] Level 5:colcon.colcon_core.verb:set package 'esp32_bot' build argument 'cmake_args' from command line to 'None'
[0.289s] Level 5:colcon.colcon_core.verb:set package 'esp32_bot' build argument 'cmake_target' from command line to 'None'
[0.289s] Level 5:colcon.colcon_core.verb:set package 'esp32_bot' build argument 'cmake_target_skip_unavailable' from command line to 'False'
[0.289s] Level 5:colcon.colcon_core.verb:set package 'esp32_bot' build argument 'cmake_clean_cache' from command line to 'False'
[0.289s] Level 5:colcon.colcon_core.verb:set package 'esp32_bot' build argument 'cmake_clean_first' from command line to 'False'
[0.289s] Level 5:colcon.colcon_core.verb:set package 'esp32_bot' build argument 'cmake_force_configure' from command line to 'False'
[0.289s] Level 5:colcon.colcon_core.verb:set package 'esp32_bot' build argument 'ament_cmake_args' from command line to 'None'
[0.289s] Level 5:colcon.colcon_core.verb:set package 'esp32_bot' build argument 'catkin_cmake_args' from command line to 'None'
[0.289s] Level 5:colcon.colcon_core.verb:set package 'esp32_bot' build argument 'catkin_skip_building_tests' from command line to 'False'
[0.289s] DEBUG:colcon.colcon_core.verb:Building package 'esp32_bot' with the following arguments: {'ament_cmake_args': None, 'build_base': '/home/abhiniraula/Documents/Electronics Engineering/Sixth Semester/Minor Project/Minor Project Code/SLAM_Prototype_Niraj/build/esp32_bot', 'catkin_cmake_args': None, 'catkin_skip_building_tests': False, 'cmake_args': None, 'cmake_clean_cache': False, 'cmake_clean_first': False, 'cmake_force_configure': False, 'cmake_target': None, 'cmake_target_skip_unavailable': False, 'install_base': '/home/abhiniraula/Documents/Electronics Engineering/Sixth Semester/Minor Project/Minor Project Code/SLAM_Prototype_Niraj/install/esp32_bot', 'merge_install': False, 'path': '/home/abhiniraula/Documents/Electronics Engineering/Sixth Semester/Minor Project/Minor Project Code/SLAM_Prototype_Niraj/esp32_bot_description', 'symlink_install': False, 'test_result_base': None}
[0.289s] INFO:colcon.colcon_core.executor:Executing jobs using 'parallel' executor
[0.290s] DEBUG:colcon.colcon_parallel_executor.executor.parallel:run_until_complete
[0.291s] INFO:colcon.colcon_ros.task.ament_cmake.build:Building ROS package in '/home/abhiniraula/Documents/Electronics Engineering/Sixth Semester/Minor Project/Minor Project Code/SLAM_Prototype_Niraj/esp32_bot_description' with build type 'ament_cmake'
[0.291s] INFO:colcon.colcon_cmake.task.cmake.build:Building CMake package in '/home/abhiniraula/Documents/Electronics Engineering/Sixth Semester/Minor Project/Minor Project Code/SLAM_Prototype_Niraj/esp32_bot_description'
[0.293s] INFO:colcon.colcon_core.plugin_system:Skipping extension 'colcon_core.shell.bat': Not used on non-Windows systems
[0.293s] INFO:colcon.colcon_core.shell:Skip shell extension 'powershell' for command environment: Not usable outside of PowerShell
[0.293s] DEBUG:colcon.colcon_core.shell:Skip shell extension 'dsv' for command environment
[0.308s] DEBUG:colcon.colcon_core.event_handler.log_command:Invoking command in '/home/abhiniraula/Documents/Electronics Engineering/Sixth Semester/Minor Project/Minor Project Code/SLAM_Prototype_Niraj/build/esp32_bot': CMAKE_PREFIX_PATH=${CMAKE_PREFIX_PATH}:/opt/ros/jazzy DEBUGINFOD_URLS=https://debuginfod.ubuntu.com /usr/bin/cmake --build /home/abhiniraula/Documents/Electronics Engineering/Sixth Semester/Minor Project/Minor Project Code/SLAM_Prototype_Niraj/build/esp32_bot -- -j8 -l8
[0.348s] DEBUG:colcon.colcon_core.event_handler.log_command:Invoked command in '/home/abhiniraula/Documents/Electronics Engineering/Sixth Semester/Minor Project/Minor Project Code/SLAM_Prototype_Niraj/build/esp32_bot' returned '0': CMAKE_PREFIX_PATH=${CMAKE_PREFIX_PATH}:/opt/ros/jazzy DEBUGINFOD_URLS=https://debuginfod.ubuntu.com /usr/bin/cmake --build /home/abhiniraula/Documents/Electronics Engineering/Sixth Semester/Minor Project/Minor Project Code/SLAM_Prototype_Niraj/build/esp32_bot -- -j8 -l8
[0.359s] DEBUG:colcon.colcon_core.event_handler.log_command:Invoking command in '/home/abhiniraula/Documents/Electronics Engineering/Sixth Semester/Minor Project/Minor Project Code/SLAM_Prototype_Niraj/build/esp32_bot': CMAKE_PREFIX_PATH=${CMAKE_PREFIX_PATH}:/opt/ros/jazzy DEBUGINFOD_URLS=https://debuginfod.ubuntu.com /usr/bin/cmake --install /home/abhiniraula/Documents/Electronics Engineering/Sixth Semester/Minor Project/Minor Project Code/SLAM_Prototype_Niraj/build/esp32_bot
[0.399s] Level 1:colcon.colcon_core.environment:create_environment_scripts_only(esp32_bot)
[0.402s] Level 1:colcon.colcon_core.environment:checking '/home/abhiniraula/Documents/Electronics Engineering/Sixth Semester/Minor Project/Minor Project Code/SLAM_Prototype_Niraj/install/esp32_bot' for CMake module files
[0.403s] DEBUG:colcon.colcon_core.event_handler.log_command:Invoked command in '/home/abhiniraula/Documents/Electronics Engineering/Sixth Semester/Minor Project/Minor Project Code/SLAM_Prototype_Niraj/build/esp32_bot' returned '0': CMAKE_PREFIX_PATH=${CMAKE_PREFIX_PATH}:/opt/ros/jazzy DEBUGINFOD_URLS=https://debuginfod.ubuntu.com /usr/bin/cmake --install /home/abhiniraula/Documents/Electronics Engineering/Sixth Semester/Minor Project/Minor Project Code/SLAM_Prototype_Niraj/build/esp32_bot
[0.404s] Level 1:colcon.colcon_core.environment:checking '/home/abhiniraula/Documents/Electronics Engineering/Sixth Semester/Minor Project/Minor Project Code/SLAM_Prototype_Niraj/install/esp32_bot' for CMake config files
[0.405s] Level 1:colcon.colcon_core.shell:create_environment_hook('esp32_bot', 'cmake_prefix_path')
[0.405s] INFO:colcon.colcon_core.shell:Creating environment hook '/home/abhiniraula/Documents/Electronics Engineering/Sixth Semester/Minor Project/Minor Project Code/SLAM_Prototype_Niraj/install/esp32_bot/share/esp32_bot/hook/cmake_prefix_path.ps1'
[0.406s] INFO:colcon.colcon_core.shell:Creating environment descriptor '/home/abhiniraula/Documents/Electronics Engineering/Sixth Semester/Minor Project/Minor Project Code/SLAM_Prototype_Niraj/install/esp32_bot/share/esp32_bot/hook/cmake_prefix_path.dsv'
[0.406s] INFO:colcon.colcon_core.shell:Creating environment hook '/home/abhiniraula/Documents/Electronics Engineering/Sixth Semester/Minor Project/Minor Project Code/SLAM_Prototype_Niraj/install/esp32_bot/share/esp32_bot/hook/cmake_prefix_path.sh'
[0.408s] Level 1:colcon.colcon_core.environment:checking '/home/abhiniraula/Documents/Electronics Engineering/Sixth Semester/Minor Project/Minor Project Code/SLAM_Prototype_Niraj/install/esp32_bot/lib'
[0.408s] Level 1:colcon.colcon_core.environment:checking '/home/abhiniraula/Documents/Electronics Engineering/Sixth Semester/Minor Project/Minor Project Code/SLAM_Prototype_Niraj/install/esp32_bot/bin'
[0.408s] Level 1:colcon.colcon_core.environment:checking '/home/abhiniraula/Documents/Electronics Engineering/Sixth Semester/Minor Project/Minor Project Code/SLAM_Prototype_Niraj/install/esp32_bot/lib/pkgconfig/esp32_bot.pc'
[0.408s] Level 1:colcon.colcon_core.environment:checking '/home/abhiniraula/Documents/Electronics Engineering/Sixth Semester/Minor Project/Minor Project Code/SLAM_Prototype_Niraj/install/esp32_bot/lib/python3.12/site-packages'
[0.409s] Level 1:colcon.colcon_core.environment:checking '/home/abhiniraula/Documents/Electronics Engineering/Sixth Semester/Minor Project/Minor Project Code/SLAM_Prototype_Niraj/install/esp32_bot/bin'
[0.409s] INFO:colcon.colcon_core.shell:Creating package script '/home/abhiniraula/Documents/Electronics Engineering/Sixth Semester/Minor Project/Minor Project Code/SLAM_Prototype_Niraj/install/esp32_bot/share/esp32_bot/package.ps1'
[0.410s] INFO:colcon.colcon_core.shell:Creating package descriptor '/home/abhiniraula/Documents/Electronics Engineering/Sixth Semester/Minor Project/Minor Project Code/SLAM_Prototype_Niraj/install/esp32_bot/share/esp32_bot/package.dsv'
[0.411s] INFO:colcon.colcon_core.shell:Creating package script '/home/abhiniraula/Documents/Electronics Engineering/Sixth Semester/Minor Project/Minor Project Code/SLAM_Prototype_Niraj/install/esp32_bot/share/esp32_bot/package.sh'
[0.411s] INFO:colcon.colcon_core.shell:Creating package script '/home/abhiniraula/Documents/Electronics Engineering/Sixth Semester/Minor Project/Minor Project Code/SLAM_Prototype_Niraj/install/esp32_bot/share/esp32_bot/package.bash'
[0.412s] INFO:colcon.colcon_core.shell:Creating package script '/home/abhiniraula/Documents/Electronics Engineering/Sixth Semester/Minor Project/Minor Project Code/SLAM_Prototype_Niraj/install/esp32_bot/share/esp32_bot/package.zsh'
[0.412s] Level 1:colcon.colcon_core.environment:create_file_with_runtime_dependencies(/home/abhiniraula/Documents/Electronics Engineering/Sixth Semester/Minor Project/Minor Project Code/SLAM_Prototype_Niraj/install/esp32_bot/share/colcon-core/packages/esp32_bot)
[0.413s] Level 1:colcon.colcon_core.environment:create_environment_scripts_only(esp32_bot)
[0.413s] Level 1:colcon.colcon_core.environment:checking '/home/abhiniraula/Documents/Electronics Engineering/Sixth Semester/Minor Project/Minor Project Code/SLAM_Prototype_Niraj/install/esp32_bot' for CMake module files
[0.414s] Level 1:colcon.colcon_core.environment:checking '/home/abhiniraula/Documents/Electronics Engineering/Sixth Semester/Minor Project/Minor Project Code/SLAM_Prototype_Niraj/install/esp32_bot' for CMake config files
[0.414s] Level 1:colcon.colcon_core.shell:create_environment_hook('esp32_bot', 'cmake_prefix_path')
[0.414s] INFO:colcon.colcon_core.shell:Creating environment hook '/home/abhiniraula/Documents/Electronics Engineering/Sixth Semester/Minor Project/Minor Project Code/SLAM_Prototype_Niraj/install/esp32_bot/share/esp32_bot/hook/cmake_prefix_path.ps1'
[0.415s] INFO:colcon.colcon_core.shell:Creating environment descriptor '/home/abhiniraula/Documents/Electronics Engineering/Sixth Semester/Minor Project/Minor Project Code/SLAM_Prototype_Niraj/install/esp32_bot/share/esp32_bot/hook/cmake_prefix_path.dsv'
[0.415s] INFO:colcon.colcon_core.shell:Creating environment hook '/home/abhiniraula/Documents/Electronics Engineering/Sixth Semester/Minor Project/Minor Project Code/SLAM_Prototype_Niraj/install/esp32_bot/share/esp32_bot/hook/cmake_prefix_path.sh'
[0.416s] Level 1:colcon.colcon_core.environment:checking '/home/abhiniraula/Documents/Electronics Engineering/Sixth Semester/Minor Project/Minor Project Code/SLAM_Prototype_Niraj/install/esp32_bot/lib'
[0.416s] Level 1:colcon.colcon_core.environment:checking '/home/abhiniraula/Documents/Electronics Engineering/Sixth Semester/Minor Project/Minor Project Code/SLAM_Prototype_Niraj/install/esp32_bot/bin'
[0.416s] Level 1:colcon.colcon_core.environment:checking '/home/abhiniraula/Documents/Electronics Engineering/Sixth Semester/Minor Project/Minor Project Code/SLAM_Prototype_Niraj/install/esp32_bot/lib/pkgconfig/esp32_bot.pc'
[0.416s] Level 1:colcon.colcon_core.environment:checking '/home/abhiniraula/Documents/Electronics Engineering/Sixth Semester/Minor Project/Minor Project Code/SLAM_Prototype_Niraj/install/esp32_bot/lib/python3.12/site-packages'
[0.417s] Level 1:colcon.colcon_core.environment:checking '/home/abhiniraula/Documents/Electronics Engineering/Sixth Semester/Minor Project/Minor Project Code/SLAM_Prototype_Niraj/install/esp32_bot/bin'
[0.417s] INFO:colcon.colcon_core.shell:Creating package script '/home/abhiniraula/Documents/Electronics Engineering/Sixth Semester/Minor Project/Minor Project Code/SLAM_Prototype_Niraj/install/esp32_bot/share/esp32_bot/package.ps1'
[0.418s] INFO:colcon.colcon_core.shell:Creating package descriptor '/home/abhiniraula/Documents/Electronics Engineering/Sixth Semester/Minor Project/Minor Project Code/SLAM_Prototype_Niraj/install/esp32_bot/share/esp32_bot/package.dsv'
[0.419s] INFO:colcon.colcon_core.shell:Creating package script '/home/abhiniraula/Documents/Electronics Engineering/Sixth Semester/Minor Project/Minor Project Code/SLAM_Prototype_Niraj/install/esp32_bot/share/esp32_bot/package.sh'
[0.420s] INFO:colcon.colcon_core.shell:Creating package script '/home/abhiniraula/Documents/Electronics Engineering/Sixth Semester/Minor Project/Minor Project Code/SLAM_Prototype_Niraj/install/esp32_bot/share/esp32_bot/package.bash'
[0.421s] INFO:colcon.colcon_core.shell:Creating package script '/home/abhiniraula/Documents/Electronics Engineering/Sixth Semester/Minor Project/Minor Project Code/SLAM_Prototype_Niraj/install/esp32_bot/share/esp32_bot/package.zsh'
[0.421s] Level 1:colcon.colcon_core.environment:create_file_with_runtime_dependencies(/home/abhiniraula/Documents/Electronics Engineering/Sixth Semester/Minor Project/Minor Project Code/SLAM_Prototype_Niraj/install/esp32_bot/share/colcon-core/packages/esp32_bot)
[0.422s] DEBUG:colcon.colcon_parallel_executor.executor.parallel:closing loop
[0.422s] DEBUG:colcon.colcon_parallel_executor.executor.parallel:loop closed
[0.422s] DEBUG:colcon.colcon_parallel_executor.executor.parallel:run_until_complete finished with '0'
[0.423s] DEBUG:colcon.colcon_core.event_reactor:joining thread
[0.428s] INFO:colcon.colcon_core.plugin_system:Skipping extension 'colcon_notification.desktop_notification.terminal_notifier': Not used on non-Darwin systems
[0.428s] INFO:colcon.colcon_core.plugin_system:Skipping extension 'colcon_notification.desktop_notification.win32': Not used on non-Windows systems
[0.428s] INFO:colcon.colcon_notification.desktop_notification:Sending desktop notification using 'notify2'
[0.446s] DEBUG:colcon.colcon_core.event_reactor:joined thread
[0.446s] INFO:colcon.colcon_core.shell:Creating prefix script '/home/abhiniraula/Documents/Electronics Engineering/Sixth Semester/Minor Project/Minor Project Code/SLAM_Prototype_Niraj/install/local_setup.ps1'
[0.448s] INFO:colcon.colcon_core.shell:Creating prefix util module '/home/abhiniraula/Documents/Electronics Engineering/Sixth Semester/Minor Project/Minor Project Code/SLAM_Prototype_Niraj/install/_local_setup_util_ps1.py'
[0.450s] INFO:colcon.colcon_core.shell:Creating prefix chain script '/home/abhiniraula/Documents/Electronics Engineering/Sixth Semester/Minor Project/Minor Project Code/SLAM_Prototype_Niraj/install/setup.ps1'
[0.451s] INFO:colcon.colcon_core.shell:Creating prefix script '/home/abhiniraula/Documents/Electronics Engineering/Sixth Semester/Minor Project/Minor Project Code/SLAM_Prototype_Niraj/install/local_setup.sh'
[0.452s] INFO:colcon.colcon_core.shell:Creating prefix util module '/home/abhiniraula/Documents/Electronics Engineering/Sixth Semester/Minor Project/Minor Project Code/SLAM_Prototype_Niraj/install/_local_setup_util_sh.py'
[0.453s] INFO:colcon.colcon_core.shell:Creating prefix chain script '/home/abhiniraula/Documents/Electronics Engineering/Sixth Semester/Minor Project/Minor Project Code/SLAM_Prototype_Niraj/install/setup.sh'
[0.455s] INFO:colcon.colcon_core.shell:Creating prefix script '/home/abhiniraula/Documents/Electronics Engineering/Sixth Semester/Minor Project/Minor Project Code/SLAM_Prototype_Niraj/install/local_setup.bash'
[0.456s] INFO:colcon.colcon_core.shell:Creating prefix chain script '/home/abhiniraula/Documents/Electronics Engineering/Sixth Semester/Minor Project/Minor Project Code/SLAM_Prototype_Niraj/install/setup.bash'
[0.457s] INFO:colcon.colcon_core.shell:Creating prefix script '/home/abhiniraula/Documents/Electronics Engineering/Sixth Semester/Minor Project/Minor Project Code/SLAM_Prototype_Niraj/install/local_setup.zsh'
[0.458s] INFO:colcon.colcon_core.shell:Creating prefix chain script '/home/abhiniraula/Documents/Electronics Engineering/Sixth Semester/Minor Project/Minor Project Code/SLAM_Prototype_Niraj/install/setup.zsh'
