[0.205s] DEBUG:colcon:Command line arguments: ['/usr/bin/colcon', 'build', '--packages-select', 'esp32_bot']
[0.206s] DEBUG:colcon:Parsed command line arguments: Namespace(log_base=None, log_level=None, verb_name='build', build_base='build', install_base='install', merge_install=False, symlink_install=False, test_result_base=None, continue_on_error=False, executor='parallel', parallel_workers=8, event_handlers=None, ignore_user_meta=False, metas=['./colcon.meta'], base_paths=['.'], packages_ignore=None, packages_ignore_regex=None, paths=None, packages_up_to=None, packages_up_to_regex=None, packages_above=None, packages_above_and_dependencies=None, packages_above_depth=None, packages_select_by_dep=None, packages_skip_by_dep=None, packages_skip_up_to=None, packages_select_build_failed=False, packages_skip_build_finished=False, packages_select_test_failures=False, packages_skip_test_passed=False, packages_select=['esp32_bot'], packages_skip=None, packages_select_regex=None, packages_skip_regex=None, packages_start=None, packages_end=None, allow_overriding=[], cmake_args=None, cmake_target=None, cmake_target_skip_unavailable=False, cmake_clean_cache=False, cmake_clean_first=False, cmake_force_configure=False, ament_cmake_args=None, catkin_cmake_args=None, catkin_skip_building_tests=False, mixin_files=None, mixin=None, verb_parser=<colcon_mixin.mixin.mixin_argument.MixinArgumentDecorator object at 0x7e30d2f58fe0>, verb_extension=<colcon_core.verb.build.BuildVerb object at 0x7e30d2f59850>, main=<bound method BuildVerb.main of <colcon_core.verb.build.BuildVerb object at 0x7e30d2f59850>>, mixin_verb=('build',))
[0.259s] Level 1:colcon.colcon_core.package_discovery:discover_packages(colcon_meta) check parameters
[0.260s] Level 1:colcon.colcon_core.package_discovery:discover_packages(recursive) check parameters
[0.260s] Level 1:colcon.colcon_core.package_discovery:discover_packages(ignore) check parameters
[0.260s] Level 1:colcon.colcon_core.package_discovery:discover_packages(path) check parameters
[0.260s] Level 1:colcon.colcon_core.package_discovery:discover_packages(colcon_meta) discover
[0.260s] Level 1:colcon.colcon_core.package_discovery:discover_packages(recursive) discover
[0.260s] INFO:colcon.colcon_core.package_discovery:Crawling recursively for packages in '/home/abhiniraula/Documents/Electronics Engineering/Sixth Semester/Minor Project/Minor Project Code/SLAM_Bot_Prototype'
[0.260s] Level 1:colcon.colcon_core.package_identification:_identify(.) by extensions ['ignore', 'ignore_ament_install']
[0.260s] Level 1:colcon.colcon_core.package_identification:_identify(.) by extension 'ignore'
[0.260s] Level 1:colcon.colcon_core.package_identification:_identify(.) by extension 'ignore_ament_install'
[0.260s] Level 1:colcon.colcon_core.package_identification:_identify(.) by extensions ['colcon_pkg']
[0.260s] Level 1:colcon.colcon_core.package_identification:_identify(.) by extension 'colcon_pkg'
[0.260s] Level 1:colcon.colcon_core.package_identification:_identify(.) by extensions ['colcon_meta']
[0.260s] Level 1:colcon.colcon_core.package_identification:_identify(.) by extension 'colcon_meta'
[0.260s] Level 1:colcon.colcon_core.package_identification:_identify(.) by extensions ['ros']
[0.260s] Level 1:colcon.colcon_core.package_identification:_identify(.) by extension 'ros'
[0.291s] Level 1:colcon.colcon_core.package_identification:_identify(.) by extensions ['cmake', 'python']
[0.291s] Level 1:colcon.colcon_core.package_identification:_identify(.) by extension 'cmake'
[0.291s] Level 1:colcon.colcon_core.package_identification:_identify(.) by extension 'python'
[0.291s] Level 1:colcon.colcon_core.package_identification:_identify(.) by extensions ['python_setup_py']
[0.291s] Level 1:colcon.colcon_core.package_identification:_identify(.) by extension 'python_setup_py'
[0.291s] Level 1:colcon.colcon_core.package_identification:_identify(SLAM_bot_code) by extensions ['ignore', 'ignore_ament_install']
[0.291s] Level 1:colcon.colcon_core.package_identification:_identify(SLAM_bot_code) by extension 'ignore'
[0.291s] Level 1:colcon.colcon_core.package_identification:_identify(SLAM_bot_code) by extension 'ignore_ament_install'
[0.291s] Level 1:colcon.colcon_core.package_identification:_identify(SLAM_bot_code) by extensions ['colcon_pkg']
[0.291s] Level 1:colcon.colcon_core.package_identification:_identify(SLAM_bot_code) by extension 'colcon_pkg'
[0.291s] Level 1:colcon.colcon_core.package_identification:_identify(SLAM_bot_code) by extensions ['colcon_meta']
[0.291s] Level 1:colcon.colcon_core.package_identification:_identify(SLAM_bot_code) by extension 'colcon_meta'
[0.291s] Level 1:colcon.colcon_core.package_identification:_identify(SLAM_bot_code) by extensions ['ros']
[0.291s] Level 1:colcon.colcon_core.package_identification:_identify(SLAM_bot_code) by extension 'ros'
[0.292s] Level 1:colcon.colcon_core.package_identification:_identify(SLAM_bot_code) by extensions ['cmake', 'python']
[0.292s] Level 1:colcon.colcon_core.package_identification:_identify(SLAM_bot_code) by extension 'cmake'
[0.292s] Level 1:colcon.colcon_core.package_identification:_identify(SLAM_bot_code) by extension 'python'
[0.292s] Level 1:colcon.colcon_core.package_identification:_identify(SLAM_bot_code) by extensions ['python_setup_py']
[0.292s] Level 1:colcon.colcon_core.package_identification:_identify(SLAM_bot_code) by extension 'python_setup_py'
[0.292s] Level 1:colcon.colcon_core.package_identification:_identify(SLAM_bot_code/build) by extensions ['ignore', 'ignore_ament_install']
[0.292s] Level 1:colcon.colcon_core.package_identification:_identify(SLAM_bot_code/build) by extension 'ignore'
[0.292s] Level 1:colcon.colcon_core.package_identification:_identify(SLAM_bot_code/build) by extension 'ignore_ament_install'
[0.292s] Level 1:colcon.colcon_core.package_identification:_identify(SLAM_bot_code/build) by extensions ['colcon_pkg']
[0.292s] Level 1:colcon.colcon_core.package_identification:_identify(SLAM_bot_code/build) by extension 'colcon_pkg'
[0.292s] Level 1:colcon.colcon_core.package_identification:_identify(SLAM_bot_code/build) by extensions ['colcon_meta']
[0.292s] Level 1:colcon.colcon_core.package_identification:_identify(SLAM_bot_code/build) by extension 'colcon_meta'
[0.292s] Level 1:colcon.colcon_core.package_identification:_identify(SLAM_bot_code/build) by extensions ['ros']
[0.292s] Level 1:colcon.colcon_core.package_identification:_identify(SLAM_bot_code/build) by extension 'ros'
[0.293s] Level 1:colcon.colcon_core.package_identification:_identify(SLAM_bot_code/build) by extensions ['cmake', 'python']
[0.293s] Level 1:colcon.colcon_core.package_identification:_identify(SLAM_bot_code/build) by extension 'cmake'
[0.293s] Level 1:colcon.colcon_core.package_identification:_identify(SLAM_bot_code/build) by extension 'python'
[0.293s] Level 1:colcon.colcon_core.package_identification:_identify(SLAM_bot_code/build) by extensions ['python_setup_py']
[0.293s] Level 1:colcon.colcon_core.package_identification:_identify(SLAM_bot_code/build) by extension 'python_setup_py'
[0.293s] Level 1:colcon.colcon_core.package_identification:_identify(SLAM_bot_code/build/CMakeFiles) by extensions ['ignore', 'ignore_ament_install']
[0.293s] Level 1:colcon.colcon_core.package_identification:_identify(SLAM_bot_code/build/CMakeFiles) by extension 'ignore'
[0.293s] Level 1:colcon.colcon_core.package_identification:_identify(SLAM_bot_code/build/CMakeFiles) by extension 'ignore_ament_install'
[0.293s] Level 1:colcon.colcon_core.package_identification:_identify(SLAM_bot_code/build/CMakeFiles) by extensions ['colcon_pkg']
[0.293s] Level 1:colcon.colcon_core.package_identification:_identify(SLAM_bot_code/build/CMakeFiles) by extension 'colcon_pkg'
[0.293s] Level 1:colcon.colcon_core.package_identification:_identify(SLAM_bot_code/build/CMakeFiles) by extensions ['colcon_meta']
[0.293s] Level 1:colcon.colcon_core.package_identification:_identify(SLAM_bot_code/build/CMakeFiles) by extension 'colcon_meta'
[0.293s] Level 1:colcon.colcon_core.package_identification:_identify(SLAM_bot_code/build/CMakeFiles) by extensions ['ros']
[0.293s] Level 1:colcon.colcon_core.package_identification:_identify(SLAM_bot_code/build/CMakeFiles) by extension 'ros'
[0.293s] Level 1:colcon.colcon_core.package_identification:_identify(SLAM_bot_code/build/CMakeFiles) by extensions ['cmake', 'python']
[0.294s] Level 1:colcon.colcon_core.package_identification:_identify(SLAM_bot_code/build/CMakeFiles) by extension 'cmake'
[0.294s] Level 1:colcon.colcon_core.package_identification:_identify(SLAM_bot_code/build/CMakeFiles) by extension 'python'
[0.294s] Level 1:colcon.colcon_core.package_identification:_identify(SLAM_bot_code/build/CMakeFiles) by extensions ['python_setup_py']
[0.294s] Level 1:colcon.colcon_core.package_identification:_identify(SLAM_bot_code/build/CMakeFiles) by extension 'python_setup_py'
[0.294s] Level 1:colcon.colcon_core.package_identification:_identify(SLAM_bot_code/build/CMakeFiles/pkgRedirects) by extensions ['ignore', 'ignore_ament_install']
[0.294s] Level 1:colcon.colcon_core.package_identification:_identify(SLAM_bot_code/build/CMakeFiles/pkgRedirects) by extension 'ignore'
[0.294s] Level 1:colcon.colcon_core.package_identification:_identify(SLAM_bot_code/build/CMakeFiles/pkgRedirects) by extension 'ignore_ament_install'
[0.294s] Level 1:colcon.colcon_core.package_identification:_identify(SLAM_bot_code/build/CMakeFiles/pkgRedirects) by extensions ['colcon_pkg']
[0.294s] Level 1:colcon.colcon_core.package_identification:_identify(SLAM_bot_code/build/CMakeFiles/pkgRedirects) by extension 'colcon_pkg'
[0.294s] Level 1:colcon.colcon_core.package_identification:_identify(SLAM_bot_code/build/CMakeFiles/pkgRedirects) by extensions ['colcon_meta']
[0.294s] Level 1:colcon.colcon_core.package_identification:_identify(SLAM_bot_code/build/CMakeFiles/pkgRedirects) by extension 'colcon_meta'
[0.294s] Level 1:colcon.colcon_core.package_identification:_identify(SLAM_bot_code/build/CMakeFiles/pkgRedirects) by extensions ['ros']
[0.295s] Level 1:colcon.colcon_core.package_identification:_identify(SLAM_bot_code/build/CMakeFiles/pkgRedirects) by extension 'ros'
[0.295s] Level 1:colcon.colcon_core.package_identification:_identify(SLAM_bot_code/build/CMakeFiles/pkgRedirects) by extensions ['cmake', 'python']
[0.295s] Level 1:colcon.colcon_core.package_identification:_identify(SLAM_bot_code/build/CMakeFiles/pkgRedirects) by extension 'cmake'
[0.295s] Level 1:colcon.colcon_core.package_identification:_identify(SLAM_bot_code/build/CMakeFiles/pkgRedirects) by extension 'python'
[0.295s] Level 1:colcon.colcon_core.package_identification:_identify(SLAM_bot_code/build/CMakeFiles/pkgRedirects) by extensions ['python_setup_py']
[0.295s] Level 1:colcon.colcon_core.package_identification:_identify(SLAM_bot_code/build/CMakeFiles/pkgRedirects) by extension 'python_setup_py'
[0.295s] Level 1:colcon.colcon_core.package_identification:_identify(SLAM_bot_code/extra) by extensions ['ignore', 'ignore_ament_install']
[0.295s] Level 1:colcon.colcon_core.package_identification:_identify(SLAM_bot_code/extra) by extension 'ignore'
[0.295s] Level 1:colcon.colcon_core.package_identification:_identify(SLAM_bot_code/extra) by extension 'ignore_ament_install'
[0.295s] Level 1:colcon.colcon_core.package_identification:_identify(SLAM_bot_code/extra) by extensions ['colcon_pkg']
[0.295s] Level 1:colcon.colcon_core.package_identification:_identify(SLAM_bot_code/extra) by extension 'colcon_pkg'
[0.295s] Level 1:colcon.colcon_core.package_identification:_identify(SLAM_bot_code/extra) by extensions ['colcon_meta']
[0.295s] Level 1:colcon.colcon_core.package_identification:_identify(SLAM_bot_code/extra) by extension 'colcon_meta'
[0.295s] Level 1:colcon.colcon_core.package_identification:_identify(SLAM_bot_code/extra) by extensions ['ros']
[0.296s] Level 1:colcon.colcon_core.package_identification:_identify(SLAM_bot_code/extra) by extension 'ros'
[0.296s] Level 1:colcon.colcon_core.package_identification:_identify(SLAM_bot_code/extra) by extensions ['cmake', 'python']
[0.296s] Level 1:colcon.colcon_core.package_identification:_identify(SLAM_bot_code/extra) by extension 'cmake'
[0.296s] Level 1:colcon.colcon_core.package_identification:_identify(SLAM_bot_code/extra) by extension 'python'
[0.296s] Level 1:colcon.colcon_core.package_identification:_identify(SLAM_bot_code/extra) by extensions ['python_setup_py']
[0.296s] Level 1:colcon.colcon_core.package_identification:_identify(SLAM_bot_code/extra) by extension 'python_setup_py'
[0.296s] Level 1:colcon.colcon_core.package_identification:_identify(SLAM_bot_code/include) by extensions ['ignore', 'ignore_ament_install']
[0.296s] Level 1:colcon.colcon_core.package_identification:_identify(SLAM_bot_code/include) by extension 'ignore'
[0.296s] Level 1:colcon.colcon_core.package_identification:_identify(SLAM_bot_code/include) by extension 'ignore_ament_install'
[0.296s] Level 1:colcon.colcon_core.package_identification:_identify(SLAM_bot_code/include) by extensions ['colcon_pkg']
[0.296s] Level 1:colcon.colcon_core.package_identification:_identify(SLAM_bot_code/include) by extension 'colcon_pkg'
[0.296s] Level 1:colcon.colcon_core.package_identification:_identify(SLAM_bot_code/include) by extensions ['colcon_meta']
[0.296s] Level 1:colcon.colcon_core.package_identification:_identify(SLAM_bot_code/include) by extension 'colcon_meta'
[0.297s] Level 1:colcon.colcon_core.package_identification:_identify(SLAM_bot_code/include) by extensions ['ros']
[0.297s] Level 1:colcon.colcon_core.package_identification:_identify(SLAM_bot_code/include) by extension 'ros'
[0.297s] Level 1:colcon.colcon_core.package_identification:_identify(SLAM_bot_code/include) by extensions ['cmake', 'python']
[0.297s] Level 1:colcon.colcon_core.package_identification:_identify(SLAM_bot_code/include) by extension 'cmake'
[0.297s] Level 1:colcon.colcon_core.package_identification:_identify(SLAM_bot_code/include) by extension 'python'
[0.297s] Level 1:colcon.colcon_core.package_identification:_identify(SLAM_bot_code/include) by extensions ['python_setup_py']
[0.297s] Level 1:colcon.colcon_core.package_identification:_identify(SLAM_bot_code/include) by extension 'python_setup_py'
[0.297s] Level 1:colcon.colcon_core.package_identification:_identify(SLAM_bot_code/lib) by extensions ['ignore', 'ignore_ament_install']
[0.297s] Level 1:colcon.colcon_core.package_identification:_identify(SLAM_bot_code/lib) by extension 'ignore'
[0.297s] Level 1:colcon.colcon_core.package_identification:_identify(SLAM_bot_code/lib) by extension 'ignore_ament_install'
[0.297s] Level 1:colcon.colcon_core.package_identification:_identify(SLAM_bot_code/lib) by extensions ['colcon_pkg']
[0.297s] Level 1:colcon.colcon_core.package_identification:_identify(SLAM_bot_code/lib) by extension 'colcon_pkg'
[0.297s] Level 1:colcon.colcon_core.package_identification:_identify(SLAM_bot_code/lib) by extensions ['colcon_meta']
[0.297s] Level 1:colcon.colcon_core.package_identification:_identify(SLAM_bot_code/lib) by extension 'colcon_meta'
[0.297s] Level 1:colcon.colcon_core.package_identification:_identify(SLAM_bot_code/lib) by extensions ['ros']
[0.297s] Level 1:colcon.colcon_core.package_identification:_identify(SLAM_bot_code/lib) by extension 'ros'
[0.297s] Level 1:colcon.colcon_core.package_identification:_identify(SLAM_bot_code/lib) by extensions ['cmake', 'python']
[0.298s] Level 1:colcon.colcon_core.package_identification:_identify(SLAM_bot_code/lib) by extension 'cmake'
[0.298s] Level 1:colcon.colcon_core.package_identification:_identify(SLAM_bot_code/lib) by extension 'python'
[0.298s] Level 1:colcon.colcon_core.package_identification:_identify(SLAM_bot_code/lib) by extensions ['python_setup_py']
[0.298s] Level 1:colcon.colcon_core.package_identification:_identify(SLAM_bot_code/lib) by extension 'python_setup_py'
[0.298s] Level 1:colcon.colcon_core.package_identification:_identify(SLAM_bot_code/src) by extensions ['ignore', 'ignore_ament_install']
[0.298s] Level 1:colcon.colcon_core.package_identification:_identify(SLAM_bot_code/src) by extension 'ignore'
[0.298s] Level 1:colcon.colcon_core.package_identification:_identify(SLAM_bot_code/src) by extension 'ignore_ament_install'
[0.298s] Level 1:colcon.colcon_core.package_identification:_identify(SLAM_bot_code/src) by extensions ['colcon_pkg']
[0.298s] Level 1:colcon.colcon_core.package_identification:_identify(SLAM_bot_code/src) by extension 'colcon_pkg'
[0.298s] Level 1:colcon.colcon_core.package_identification:_identify(SLAM_bot_code/src) by extensions ['colcon_meta']
[0.298s] Level 1:colcon.colcon_core.package_identification:_identify(SLAM_bot_code/src) by extension 'colcon_meta'
[0.298s] Level 1:colcon.colcon_core.package_identification:_identify(SLAM_bot_code/src) by extensions ['ros']
[0.298s] Level 1:colcon.colcon_core.package_identification:_identify(SLAM_bot_code/src) by extension 'ros'
[0.298s] Level 1:colcon.colcon_core.package_identification:_identify(SLAM_bot_code/src) by extensions ['cmake', 'python']
[0.298s] Level 1:colcon.colcon_core.package_identification:_identify(SLAM_bot_code/src) by extension 'cmake'
[0.298s] Level 1:colcon.colcon_core.package_identification:_identify(SLAM_bot_code/src) by extension 'python'
[0.298s] Level 1:colcon.colcon_core.package_identification:_identify(SLAM_bot_code/src) by extensions ['python_setup_py']
[0.298s] Level 1:colcon.colcon_core.package_identification:_identify(SLAM_bot_code/src) by extension 'python_setup_py'
[0.299s] Level 1:colcon.colcon_core.package_identification:_identify(SLAM_bot_code/test) by extensions ['ignore', 'ignore_ament_install']
[0.299s] Level 1:colcon.colcon_core.package_identification:_identify(SLAM_bot_code/test) by extension 'ignore'
[0.299s] Level 1:colcon.colcon_core.package_identification:_identify(SLAM_bot_code/test) by extension 'ignore_ament_install'
[0.299s] Level 1:colcon.colcon_core.package_identification:_identify(SLAM_bot_code/test) by extensions ['colcon_pkg']
[0.299s] Level 1:colcon.colcon_core.package_identification:_identify(SLAM_bot_code/test) by extension 'colcon_pkg'
[0.299s] Level 1:colcon.colcon_core.package_identification:_identify(SLAM_bot_code/test) by extensions ['colcon_meta']
[0.299s] Level 1:colcon.colcon_core.package_identification:_identify(SLAM_bot_code/test) by extension 'colcon_meta'
[0.299s] Level 1:colcon.colcon_core.package_identification:_identify(SLAM_bot_code/test) by extensions ['ros']
[0.299s] Level 1:colcon.colcon_core.package_identification:_identify(SLAM_bot_code/test) by extension 'ros'
[0.299s] Level 1:colcon.colcon_core.package_identification:_identify(SLAM_bot_code/test) by extensions ['cmake', 'python']
[0.299s] Level 1:colcon.colcon_core.package_identification:_identify(SLAM_bot_code/test) by extension 'cmake'
[0.299s] Level 1:colcon.colcon_core.package_identification:_identify(SLAM_bot_code/test) by extension 'python'
[0.299s] Level 1:colcon.colcon_core.package_identification:_identify(SLAM_bot_code/test) by extensions ['python_setup_py']
[0.299s] Level 1:colcon.colcon_core.package_identification:_identify(SLAM_bot_code/test) by extension 'python_setup_py'
[0.300s] Level 1:colcon.colcon_core.package_identification:_identify(build) by extensions ['ignore', 'ignore_ament_install']
[0.300s] Level 1:colcon.colcon_core.package_identification:_identify(build) by extension 'ignore'
[0.300s] Level 1:colcon.colcon_core.package_identification:_identify(build) ignored
[0.300s] Level 1:colcon.colcon_core.package_identification:_identify(esp32_bot_description) by extensions ['ignore', 'ignore_ament_install']
[0.300s] Level 1:colcon.colcon_core.package_identification:_identify(esp32_bot_description) by extension 'ignore'
[0.300s] Level 1:colcon.colcon_core.package_identification:_identify(esp32_bot_description) by extension 'ignore_ament_install'
[0.300s] Level 1:colcon.colcon_core.package_identification:_identify(esp32_bot_description) by extensions ['colcon_pkg']
[0.300s] Level 1:colcon.colcon_core.package_identification:_identify(esp32_bot_description) by extension 'colcon_pkg'
[0.300s] Level 1:colcon.colcon_core.package_identification:_identify(esp32_bot_description) by extensions ['colcon_meta']
[0.300s] Level 1:colcon.colcon_core.package_identification:_identify(esp32_bot_description) by extension 'colcon_meta'
[0.300s] Level 1:colcon.colcon_core.package_identification:_identify(esp32_bot_description) by extensions ['ros']
[0.300s] Level 1:colcon.colcon_core.package_identification:_identify(esp32_bot_description) by extension 'ros'
[0.305s] DEBUG:colcon.colcon_core.package_identification:Package 'esp32_bot_description' with type 'ros.ament_cmake' and name 'esp32_bot'
[0.305s] Level 1:colcon.colcon_core.package_identification:_identify(install) by extensions ['ignore', 'ignore_ament_install']
[0.305s] Level 1:colcon.colcon_core.package_identification:_identify(install) by extension 'ignore'
[0.305s] Level 1:colcon.colcon_core.package_identification:_identify(install) ignored
[0.305s] Level 1:colcon.colcon_core.package_identification:_identify(log) by extensions ['ignore', 'ignore_ament_install']
[0.305s] Level 1:colcon.colcon_core.package_identification:_identify(log) by extension 'ignore'
[0.305s] Level 1:colcon.colcon_core.package_identification:_identify(log) ignored
[0.305s] Level 1:colcon.colcon_core.package_discovery:discover_packages(recursive) using defaults
[0.305s] Level 1:colcon.colcon_core.package_discovery:discover_packages(ignore) discover
[0.306s] Level 1:colcon.colcon_core.package_discovery:discover_packages(ignore) using defaults
[0.306s] Level 1:colcon.colcon_core.package_discovery:discover_packages(path) discover
[0.306s] Level 1:colcon.colcon_core.package_discovery:discover_packages(path) using defaults
[0.325s] Level 1:colcon.colcon_core.package_discovery:discover_packages(prefix_path) check parameters
[0.325s] Level 1:colcon.colcon_core.package_discovery:discover_packages(prefix_path) discover
[0.330s] DEBUG:colcon.colcon_installed_package_information.package_discovery:Found 347 installed packages in /opt/ros/jazzy
[0.332s] Level 1:colcon.colcon_core.package_discovery:discover_packages(prefix_path) using defaults
[0.424s] Level 5:colcon.colcon_core.verb:set package 'esp32_bot' build argument 'cmake_args' from command line to 'None'
[0.424s] Level 5:colcon.colcon_core.verb:set package 'esp32_bot' build argument 'cmake_target' from command line to 'None'
[0.424s] Level 5:colcon.colcon_core.verb:set package 'esp32_bot' build argument 'cmake_target_skip_unavailable' from command line to 'False'
[0.424s] Level 5:colcon.colcon_core.verb:set package 'esp32_bot' build argument 'cmake_clean_cache' from command line to 'False'
[0.425s] Level 5:colcon.colcon_core.verb:set package 'esp32_bot' build argument 'cmake_clean_first' from command line to 'False'
[0.425s] Level 5:colcon.colcon_core.verb:set package 'esp32_bot' build argument 'cmake_force_configure' from command line to 'False'
[0.425s] Level 5:colcon.colcon_core.verb:set package 'esp32_bot' build argument 'ament_cmake_args' from command line to 'None'
[0.425s] Level 5:colcon.colcon_core.verb:set package 'esp32_bot' build argument 'catkin_cmake_args' from command line to 'None'
[0.425s] Level 5:colcon.colcon_core.verb:set package 'esp32_bot' build argument 'catkin_skip_building_tests' from command line to 'False'
[0.425s] DEBUG:colcon.colcon_core.verb:Building package 'esp32_bot' with the following arguments: {'ament_cmake_args': None, 'build_base': '/home/abhiniraula/Documents/Electronics Engineering/Sixth Semester/Minor Project/Minor Project Code/SLAM_Bot_Prototype/build/esp32_bot', 'catkin_cmake_args': None, 'catkin_skip_building_tests': False, 'cmake_args': None, 'cmake_clean_cache': False, 'cmake_clean_first': False, 'cmake_force_configure': False, 'cmake_target': None, 'cmake_target_skip_unavailable': False, 'install_base': '/home/abhiniraula/Documents/Electronics Engineering/Sixth Semester/Minor Project/Minor Project Code/SLAM_Bot_Prototype/install/esp32_bot', 'merge_install': False, 'path': '/home/abhiniraula/Documents/Electronics Engineering/Sixth Semester/Minor Project/Minor Project Code/SLAM_Bot_Prototype/esp32_bot_description', 'symlink_install': False, 'test_result_base': None}
[0.425s] INFO:colcon.colcon_core.executor:Executing jobs using 'parallel' executor
[0.426s] DEBUG:colcon.colcon_parallel_executor.executor.parallel:run_until_complete
[0.426s] INFO:colcon.colcon_ros.task.ament_cmake.build:Building ROS package in '/home/abhiniraula/Documents/Electronics Engineering/Sixth Semester/Minor Project/Minor Project Code/SLAM_Bot_Prototype/esp32_bot_description' with build type 'ament_cmake'
[0.427s] INFO:colcon.colcon_cmake.task.cmake.build:Building CMake package in '/home/abhiniraula/Documents/Electronics Engineering/Sixth Semester/Minor Project/Minor Project Code/SLAM_Bot_Prototype/esp32_bot_description'
[0.431s] INFO:colcon.colcon_core.plugin_system:Skipping extension 'colcon_core.shell.bat': Not used on non-Windows systems
[0.431s] INFO:colcon.colcon_core.shell:Skip shell extension 'powershell' for command environment: Not usable outside of PowerShell
[0.431s] DEBUG:colcon.colcon_core.shell:Skip shell extension 'dsv' for command environment
[0.442s] DEBUG:colcon.colcon_core.event_handler.log_command:Invoking command in '/home/abhiniraula/Documents/Electronics Engineering/Sixth Semester/Minor Project/Minor Project Code/SLAM_Bot_Prototype/build/esp32_bot': CMAKE_PREFIX_PATH=${CMAKE_PREFIX_PATH}:/opt/ros/jazzy DEBUGINFOD_URLS=https://debuginfod.ubuntu.com /usr/bin/cmake --build /home/abhiniraula/Documents/Electronics Engineering/Sixth Semester/Minor Project/Minor Project Code/SLAM_Bot_Prototype/build/esp32_bot -- -j8 -l8
[0.496s] DEBUG:colcon.colcon_core.event_handler.log_command:Invoked command in '/home/abhiniraula/Documents/Electronics Engineering/Sixth Semester/Minor Project/Minor Project Code/SLAM_Bot_Prototype/build/esp32_bot' returned '0': CMAKE_PREFIX_PATH=${CMAKE_PREFIX_PATH}:/opt/ros/jazzy DEBUGINFOD_URLS=https://debuginfod.ubuntu.com /usr/bin/cmake --build /home/abhiniraula/Documents/Electronics Engineering/Sixth Semester/Minor Project/Minor Project Code/SLAM_Bot_Prototype/build/esp32_bot -- -j8 -l8
[0.506s] DEBUG:colcon.colcon_core.event_handler.log_command:Invoking command in '/home/abhiniraula/Documents/Electronics Engineering/Sixth Semester/Minor Project/Minor Project Code/SLAM_Bot_Prototype/build/esp32_bot': CMAKE_PREFIX_PATH=${CMAKE_PREFIX_PATH}:/opt/ros/jazzy DEBUGINFOD_URLS=https://debuginfod.ubuntu.com /usr/bin/cmake --install /home/abhiniraula/Documents/Electronics Engineering/Sixth Semester/Minor Project/Minor Project Code/SLAM_Bot_Prototype/build/esp32_bot
[0.543s] Level 1:colcon.colcon_core.environment:create_environment_scripts_only(esp32_bot)
[0.543s] DEBUG:colcon.colcon_core.event_handler.log_command:Invoked command in '/home/abhiniraula/Documents/Electronics Engineering/Sixth Semester/Minor Project/Minor Project Code/SLAM_Bot_Prototype/build/esp32_bot' returned '0': CMAKE_PREFIX_PATH=${CMAKE_PREFIX_PATH}:/opt/ros/jazzy DEBUGINFOD_URLS=https://debuginfod.ubuntu.com /usr/bin/cmake --install /home/abhiniraula/Documents/Electronics Engineering/Sixth Semester/Minor Project/Minor Project Code/SLAM_Bot_Prototype/build/esp32_bot
[0.548s] Level 1:colcon.colcon_core.environment:checking '/home/abhiniraula/Documents/Electronics Engineering/Sixth Semester/Minor Project/Minor Project Code/SLAM_Bot_Prototype/install/esp32_bot' for CMake module files
[0.549s] Level 1:colcon.colcon_core.environment:checking '/home/abhiniraula/Documents/Electronics Engineering/Sixth Semester/Minor Project/Minor Project Code/SLAM_Bot_Prototype/install/esp32_bot' for CMake config files
[0.551s] Level 1:colcon.colcon_core.shell:create_environment_hook('esp32_bot', 'cmake_prefix_path')
[0.552s] INFO:colcon.colcon_core.shell:Creating environment hook '/home/abhiniraula/Documents/Electronics Engineering/Sixth Semester/Minor Project/Minor Project Code/SLAM_Bot_Prototype/install/esp32_bot/share/esp32_bot/hook/cmake_prefix_path.ps1'
[0.555s] INFO:colcon.colcon_core.shell:Creating environment descriptor '/home/abhiniraula/Documents/Electronics Engineering/Sixth Semester/Minor Project/Minor Project Code/SLAM_Bot_Prototype/install/esp32_bot/share/esp32_bot/hook/cmake_prefix_path.dsv'
[0.556s] INFO:colcon.colcon_core.shell:Creating environment hook '/home/abhiniraula/Documents/Electronics Engineering/Sixth Semester/Minor Project/Minor Project Code/SLAM_Bot_Prototype/install/esp32_bot/share/esp32_bot/hook/cmake_prefix_path.sh'
[0.557s] Level 1:colcon.colcon_core.environment:checking '/home/abhiniraula/Documents/Electronics Engineering/Sixth Semester/Minor Project/Minor Project Code/SLAM_Bot_Prototype/install/esp32_bot/lib'
[0.558s] Level 1:colcon.colcon_core.environment:checking '/home/abhiniraula/Documents/Electronics Engineering/Sixth Semester/Minor Project/Minor Project Code/SLAM_Bot_Prototype/install/esp32_bot/bin'
[0.558s] Level 1:colcon.colcon_core.environment:checking '/home/abhiniraula/Documents/Electronics Engineering/Sixth Semester/Minor Project/Minor Project Code/SLAM_Bot_Prototype/install/esp32_bot/lib/pkgconfig/esp32_bot.pc'
[0.558s] Level 1:colcon.colcon_core.environment:checking '/home/abhiniraula/Documents/Electronics Engineering/Sixth Semester/Minor Project/Minor Project Code/SLAM_Bot_Prototype/install/esp32_bot/lib/python3.12/site-packages'
[0.559s] Level 1:colcon.colcon_core.environment:checking '/home/abhiniraula/Documents/Electronics Engineering/Sixth Semester/Minor Project/Minor Project Code/SLAM_Bot_Prototype/install/esp32_bot/bin'
[0.559s] INFO:colcon.colcon_core.shell:Creating package script '/home/abhiniraula/Documents/Electronics Engineering/Sixth Semester/Minor Project/Minor Project Code/SLAM_Bot_Prototype/install/esp32_bot/share/esp32_bot/package.ps1'
[0.561s] INFO:colcon.colcon_core.shell:Creating package descriptor '/home/abhiniraula/Documents/Electronics Engineering/Sixth Semester/Minor Project/Minor Project Code/SLAM_Bot_Prototype/install/esp32_bot/share/esp32_bot/package.dsv'
[0.562s] INFO:colcon.colcon_core.shell:Creating package script '/home/abhiniraula/Documents/Electronics Engineering/Sixth Semester/Minor Project/Minor Project Code/SLAM_Bot_Prototype/install/esp32_bot/share/esp32_bot/package.sh'
[0.563s] INFO:colcon.colcon_core.shell:Creating package script '/home/abhiniraula/Documents/Electronics Engineering/Sixth Semester/Minor Project/Minor Project Code/SLAM_Bot_Prototype/install/esp32_bot/share/esp32_bot/package.bash'
[0.563s] INFO:colcon.colcon_core.shell:Creating package script '/home/abhiniraula/Documents/Electronics Engineering/Sixth Semester/Minor Project/Minor Project Code/SLAM_Bot_Prototype/install/esp32_bot/share/esp32_bot/package.zsh'
[0.564s] Level 1:colcon.colcon_core.environment:create_file_with_runtime_dependencies(/home/abhiniraula/Documents/Electronics Engineering/Sixth Semester/Minor Project/Minor Project Code/SLAM_Bot_Prototype/install/esp32_bot/share/colcon-core/packages/esp32_bot)
[0.566s] Level 1:colcon.colcon_core.environment:create_environment_scripts_only(esp32_bot)
[0.566s] Level 1:colcon.colcon_core.environment:checking '/home/abhiniraula/Documents/Electronics Engineering/Sixth Semester/Minor Project/Minor Project Code/SLAM_Bot_Prototype/install/esp32_bot' for CMake module files
[0.567s] Level 1:colcon.colcon_core.environment:checking '/home/abhiniraula/Documents/Electronics Engineering/Sixth Semester/Minor Project/Minor Project Code/SLAM_Bot_Prototype/install/esp32_bot' for CMake config files
[0.567s] Level 1:colcon.colcon_core.shell:create_environment_hook('esp32_bot', 'cmake_prefix_path')
[0.567s] INFO:colcon.colcon_core.shell:Creating environment hook '/home/abhiniraula/Documents/Electronics Engineering/Sixth Semester/Minor Project/Minor Project Code/SLAM_Bot_Prototype/install/esp32_bot/share/esp32_bot/hook/cmake_prefix_path.ps1'
[0.568s] INFO:colcon.colcon_core.shell:Creating environment descriptor '/home/abhiniraula/Documents/Electronics Engineering/Sixth Semester/Minor Project/Minor Project Code/SLAM_Bot_Prototype/install/esp32_bot/share/esp32_bot/hook/cmake_prefix_path.dsv'
[0.570s] INFO:colcon.colcon_core.shell:Creating environment hook '/home/abhiniraula/Documents/Electronics Engineering/Sixth Semester/Minor Project/Minor Project Code/SLAM_Bot_Prototype/install/esp32_bot/share/esp32_bot/hook/cmake_prefix_path.sh'
[0.571s] Level 1:colcon.colcon_core.environment:checking '/home/abhiniraula/Documents/Electronics Engineering/Sixth Semester/Minor Project/Minor Project Code/SLAM_Bot_Prototype/install/esp32_bot/lib'
[0.571s] Level 1:colcon.colcon_core.environment:checking '/home/abhiniraula/Documents/Electronics Engineering/Sixth Semester/Minor Project/Minor Project Code/SLAM_Bot_Prototype/install/esp32_bot/bin'
[0.571s] Level 1:colcon.colcon_core.environment:checking '/home/abhiniraula/Documents/Electronics Engineering/Sixth Semester/Minor Project/Minor Project Code/SLAM_Bot_Prototype/install/esp32_bot/lib/pkgconfig/esp32_bot.pc'
[0.571s] Level 1:colcon.colcon_core.environment:checking '/home/abhiniraula/Documents/Electronics Engineering/Sixth Semester/Minor Project/Minor Project Code/SLAM_Bot_Prototype/install/esp32_bot/lib/python3.12/site-packages'
[0.572s] Level 1:colcon.colcon_core.environment:checking '/home/abhiniraula/Documents/Electronics Engineering/Sixth Semester/Minor Project/Minor Project Code/SLAM_Bot_Prototype/install/esp32_bot/bin'
[0.572s] INFO:colcon.colcon_core.shell:Creating package script '/home/abhiniraula/Documents/Electronics Engineering/Sixth Semester/Minor Project/Minor Project Code/SLAM_Bot_Prototype/install/esp32_bot/share/esp32_bot/package.ps1'
[0.573s] INFO:colcon.colcon_core.shell:Creating package descriptor '/home/abhiniraula/Documents/Electronics Engineering/Sixth Semester/Minor Project/Minor Project Code/SLAM_Bot_Prototype/install/esp32_bot/share/esp32_bot/package.dsv'
[0.573s] INFO:colcon.colcon_core.shell:Creating package script '/home/abhiniraula/Documents/Electronics Engineering/Sixth Semester/Minor Project/Minor Project Code/SLAM_Bot_Prototype/install/esp32_bot/share/esp32_bot/package.sh'
[0.574s] INFO:colcon.colcon_core.shell:Creating package script '/home/abhiniraula/Documents/Electronics Engineering/Sixth Semester/Minor Project/Minor Project Code/SLAM_Bot_Prototype/install/esp32_bot/share/esp32_bot/package.bash'
[0.574s] INFO:colcon.colcon_core.shell:Creating package script '/home/abhiniraula/Documents/Electronics Engineering/Sixth Semester/Minor Project/Minor Project Code/SLAM_Bot_Prototype/install/esp32_bot/share/esp32_bot/package.zsh'
[0.575s] Level 1:colcon.colcon_core.environment:create_file_with_runtime_dependencies(/home/abhiniraula/Documents/Electronics Engineering/Sixth Semester/Minor Project/Minor Project Code/SLAM_Bot_Prototype/install/esp32_bot/share/colcon-core/packages/esp32_bot)
[0.575s] DEBUG:colcon.colcon_parallel_executor.executor.parallel:closing loop
[0.575s] DEBUG:colcon.colcon_parallel_executor.executor.parallel:loop closed
[0.576s] DEBUG:colcon.colcon_parallel_executor.executor.parallel:run_until_complete finished with '0'
[0.576s] DEBUG:colcon.colcon_core.event_reactor:joining thread
[0.584s] INFO:colcon.colcon_core.plugin_system:Skipping extension 'colcon_notification.desktop_notification.terminal_notifier': Not used on non-Darwin systems
[0.584s] INFO:colcon.colcon_core.plugin_system:Skipping extension 'colcon_notification.desktop_notification.win32': Not used on non-Windows systems
[0.584s] INFO:colcon.colcon_notification.desktop_notification:Sending desktop notification using 'notify2'
[0.585s] DEBUG:colcon.colcon_notification.desktop_notification.notify2:Failed to initialize notify2: org.freedesktop.DBus.Error.AccessDenied: Failed to connect to socket /run/user/1000/bus: Operation not permitted
[0.585s] DEBUG:colcon.colcon_core.event_reactor:joined thread
[0.585s] INFO:colcon.colcon_core.shell:Creating prefix script '/home/abhiniraula/Documents/Electronics Engineering/Sixth Semester/Minor Project/Minor Project Code/SLAM_Bot_Prototype/install/local_setup.ps1'
[0.587s] INFO:colcon.colcon_core.shell:Creating prefix util module '/home/abhiniraula/Documents/Electronics Engineering/Sixth Semester/Minor Project/Minor Project Code/SLAM_Bot_Prototype/install/_local_setup_util_ps1.py'
[0.589s] INFO:colcon.colcon_core.shell:Creating prefix chain script '/home/abhiniraula/Documents/Electronics Engineering/Sixth Semester/Minor Project/Minor Project Code/SLAM_Bot_Prototype/install/setup.ps1'
[0.591s] INFO:colcon.colcon_core.shell:Creating prefix script '/home/abhiniraula/Documents/Electronics Engineering/Sixth Semester/Minor Project/Minor Project Code/SLAM_Bot_Prototype/install/local_setup.sh'
[0.593s] INFO:colcon.colcon_core.shell:Creating prefix util module '/home/abhiniraula/Documents/Electronics Engineering/Sixth Semester/Minor Project/Minor Project Code/SLAM_Bot_Prototype/install/_local_setup_util_sh.py'
[0.593s] INFO:colcon.colcon_core.shell:Creating prefix chain script '/home/abhiniraula/Documents/Electronics Engineering/Sixth Semester/Minor Project/Minor Project Code/SLAM_Bot_Prototype/install/setup.sh'
[0.595s] INFO:colcon.colcon_core.shell:Creating prefix script '/home/abhiniraula/Documents/Electronics Engineering/Sixth Semester/Minor Project/Minor Project Code/SLAM_Bot_Prototype/install/local_setup.bash'
[0.597s] INFO:colcon.colcon_core.shell:Creating prefix chain script '/home/abhiniraula/Documents/Electronics Engineering/Sixth Semester/Minor Project/Minor Project Code/SLAM_Bot_Prototype/install/setup.bash'
[0.601s] INFO:colcon.colcon_core.shell:Creating prefix script '/home/abhiniraula/Documents/Electronics Engineering/Sixth Semester/Minor Project/Minor Project Code/SLAM_Bot_Prototype/install/local_setup.zsh'
[0.602s] INFO:colcon.colcon_core.shell:Creating prefix chain script '/home/abhiniraula/Documents/Electronics Engineering/Sixth Semester/Minor Project/Minor Project Code/SLAM_Bot_Prototype/install/setup.zsh'
