[0.020s] Invoking command in '/home/abhiniraula/Documents/Electronics Engineering/Sixth Semester/Minor Project/Minor Project Code/SLAM_Prototype_Niraj/build/esp32_bot': CMAKE_PREFIX_PATH=${CMAKE_PREFIX_PATH}:/opt/ros/jazzy DEBUGINFOD_URLS=https://debuginfod.ubuntu.com /usr/bin/cmake --build /home/abhiniraula/Documents/Electronics Engineering/Sixth Semester/Minor Project/Minor Project Code/SLAM_Prototype_Niraj/build/esp32_bot -- -j8 -l8
[0.070s] Invoked command in '/home/abhiniraula/Documents/Electronics Engineering/Sixth Semester/Minor Project/Minor Project Code/SLAM_Prototype_Niraj/build/esp32_bot' returned '0': CMAKE_PREFIX_PATH=${CMAKE_PREFIX_PATH}:/opt/ros/jazzy DEBUGINFOD_URLS=https://debuginfod.ubuntu.com /usr/bin/cmake --build /home/abhiniraula/Documents/Electronics Engineering/Sixth Semester/Minor Project/Minor Project Code/SLAM_Prototype_Niraj/build/esp32_bot -- -j8 -l8
[0.082s] Invoking command in '/home/abhiniraula/Documents/Electronics Engineering/Sixth Semester/Minor Project/Minor Project Code/SLAM_Prototype_Niraj/build/esp32_bot': CMAKE_PREFIX_PATH=${CMAKE_PREFIX_PATH}:/opt/ros/jazzy DEBUGINFOD_URLS=https://debuginfod.ubuntu.com /usr/bin/cmake --install /home/abhiniraula/Documents/Electronics Engineering/Sixth Semester/Minor Project/Minor Project Code/SLAM_Prototype_Niraj/build/esp32_bot
[0.093s] -- Install configuration: ""
[0.094s] -- Execute custom install script
[0.094s] -- Up-to-date symlink: /home/abhiniraula/Documents/Electronics Engineering/Sixth Semester/Minor Project/Minor Project Code/SLAM_Prototype_Niraj/install/esp32_bot/share/esp32_bot/urdf/esp32_bot.urdf
[0.094s] -- Up-to-date symlink: /home/abhiniraula/Documents/Electronics Engineering/Sixth Semester/Minor Project/Minor Project Code/SLAM_Prototype_Niraj/install/esp32_bot/share/esp32_bot/urdf/esp32_bot1.urdf
[0.095s] -- Up-to-date symlink: /home/abhiniraula/Documents/Electronics Engineering/Sixth Semester/Minor Project/Minor Project Code/SLAM_Prototype_Niraj/install/esp32_bot/share/esp32_bot/urdf/temp.file
[0.095s] -- Symlinking: /home/abhiniraula/Documents/Electronics Engineering/Sixth Semester/Minor Project/Minor Project Code/SLAM_Prototype_Niraj/install/esp32_bot/share/esp32_bot/launch/__pycache__/display.launch.cpython-312.pyc
[0.105s] -- Up-to-date symlink: /home/abhiniraula/Documents/Electronics Engineering/Sixth Semester/Minor Project/Minor Project Code/SLAM_Prototype_Niraj/install/esp32_bot/share/esp32_bot/launch/display.launch.py
[0.106s] -- Up-to-date symlink: /home/abhiniraula/Documents/Electronics Engineering/Sixth Semester/Minor Project/Minor Project Code/SLAM_Prototype_Niraj/install/esp32_bot/share/esp32_bot/rviz/esp32_bot.rviz
[0.106s] -- Up-to-date symlink: /home/abhiniraula/Documents/Electronics Engineering/Sixth Semester/Minor Project/Minor Project Code/SLAM_Prototype_Niraj/install/esp32_bot/share/esp32_bot/meshes/base_link.stl
[0.106s] -- Up-to-date symlink: /home/abhiniraula/Documents/Electronics Engineering/Sixth Semester/Minor Project/Minor Project Code/SLAM_Prototype_Niraj/install/esp32_bot/share/esp32_bot/meshes/caster_front_1.stl
[0.106s] -- Up-to-date symlink: /home/abhiniraula/Documents/Electronics Engineering/Sixth Semester/Minor Project/Minor Project Code/SLAM_Prototype_Niraj/install/esp32_bot/share/esp32_bot/meshes/caster_rear_1.stl
[0.107s] -- Up-to-date symlink: /home/abhiniraula/Documents/Electronics Engineering/Sixth Semester/Minor Project/Minor Project Code/SLAM_Prototype_Niraj/install/esp32_bot/share/esp32_bot/meshes/laser_1.stl
[0.107s] -- Up-to-date symlink: /home/abhiniraula/Documents/Electronics Engineering/Sixth Semester/Minor Project/Minor Project Code/SLAM_Prototype_Niraj/install/esp32_bot/share/esp32_bot/meshes/left_wheel_1.stl
[0.107s] -- Up-to-date symlink: /home/abhiniraula/Documents/Electronics Engineering/Sixth Semester/Minor Project/Minor Project Code/SLAM_Prototype_Niraj/install/esp32_bot/share/esp32_bot/meshes/right_wheel_1.stl
[0.110s] -- Up-to-date symlink: /home/abhiniraula/Documents/Electronics Engineering/Sixth Semester/Minor Project/Minor Project Code/SLAM_Prototype_Niraj/install/esp32_bot/share/ament_index/resource_index/package_run_dependencies/esp32_bot
[0.111s] -- Up-to-date symlink: /home/abhiniraula/Documents/Electronics Engineering/Sixth Semester/Minor Project/Minor Project Code/SLAM_Prototype_Niraj/install/esp32_bot/share/ament_index/resource_index/parent_prefix_path/esp32_bot
[0.111s] -- Up-to-date symlink: /home/abhiniraula/Documents/Electronics Engineering/Sixth Semester/Minor Project/Minor Project Code/SLAM_Prototype_Niraj/install/esp32_bot/share/esp32_bot/environment/ament_prefix_path.sh
[0.111s] -- Up-to-date symlink: /home/abhiniraula/Documents/Electronics Engineering/Sixth Semester/Minor Project/Minor Project Code/SLAM_Prototype_Niraj/install/esp32_bot/share/esp32_bot/environment/ament_prefix_path.dsv
[0.111s] -- Up-to-date symlink: /home/abhiniraula/Documents/Electronics Engineering/Sixth Semester/Minor Project/Minor Project Code/SLAM_Prototype_Niraj/install/esp32_bot/share/esp32_bot/environment/path.sh
[0.111s] -- Up-to-date symlink: /home/abhiniraula/Documents/Electronics Engineering/Sixth Semester/Minor Project/Minor Project Code/SLAM_Prototype_Niraj/install/esp32_bot/share/esp32_bot/environment/path.dsv
[0.111s] -- Up-to-date symlink: /home/abhiniraula/Documents/Electronics Engineering/Sixth Semester/Minor Project/Minor Project Code/SLAM_Prototype_Niraj/install/esp32_bot/share/esp32_bot/local_setup.bash
[0.111s] -- Up-to-date symlink: /home/abhiniraula/Documents/Electronics Engineering/Sixth Semester/Minor Project/Minor Project Code/SLAM_Prototype_Niraj/install/esp32_bot/share/esp32_bot/local_setup.sh
[0.112s] -- Up-to-date symlink: /home/abhiniraula/Documents/Electronics Engineering/Sixth Semester/Minor Project/Minor Project Code/SLAM_Prototype_Niraj/install/esp32_bot/share/esp32_bot/local_setup.zsh
[0.112s] -- Up-to-date symlink: /home/abhiniraula/Documents/Electronics Engineering/Sixth Semester/Minor Project/Minor Project Code/SLAM_Prototype_Niraj/install/esp32_bot/share/esp32_bot/local_setup.dsv
[0.112s] -- Symlinking: /home/abhiniraula/Documents/Electronics Engineering/Sixth Semester/Minor Project/Minor Project Code/SLAM_Prototype_Niraj/install/esp32_bot/share/esp32_bot/package.dsv
[0.123s] -- Up-to-date symlink: /home/abhiniraula/Documents/Electronics Engineering/Sixth Semester/Minor Project/Minor Project Code/SLAM_Prototype_Niraj/install/esp32_bot/share/ament_index/resource_index/packages/esp32_bot
[0.123s] -- Up-to-date symlink: /home/abhiniraula/Documents/Electronics Engineering/Sixth Semester/Minor Project/Minor Project Code/SLAM_Prototype_Niraj/install/esp32_bot/share/esp32_bot/cmake/esp32_botConfig.cmake
[0.123s] -- Up-to-date symlink: /home/abhiniraula/Documents/Electronics Engineering/Sixth Semester/Minor Project/Minor Project Code/SLAM_Prototype_Niraj/install/esp32_bot/share/esp32_bot/cmake/esp32_botConfig-version.cmake
[0.124s] -- Up-to-date symlink: /home/abhiniraula/Documents/Electronics Engineering/Sixth Semester/Minor Project/Minor Project Code/SLAM_Prototype_Niraj/install/esp32_bot/share/esp32_bot/package.xml
[0.124s] -- Up-to-date: /home/abhiniraula/Documents/Electronics Engineering/Sixth Semester/Minor Project/Minor Project Code/SLAM_Prototype_Niraj/install/esp32_bot/lib/esp32_bot/tf_relay
[0.128s] Invoked command in '/home/abhiniraula/Documents/Electronics Engineering/Sixth Semester/Minor Project/Minor Project Code/SLAM_Prototype_Niraj/build/esp32_bot' returned '0': CMAKE_PREFIX_PATH=${CMAKE_PREFIX_PATH}:/opt/ros/jazzy DEBUGINFOD_URLS=https://debuginfod.ubuntu.com /usr/bin/cmake --install /home/abhiniraula/Documents/Electronics Engineering/Sixth Semester/Minor Project/Minor Project Code/SLAM_Prototype_Niraj/build/esp32_bot
