[0.010s] Invoking command in '/home/abhiniraula/Documents/Electronics Engineering/Sixth Semester/Minor Project/Minor Project Code/SLAM_Prototype_Niraj/build/esp32_bot': CMAKE_PREFIX_PATH=${CMAKE_PREFIX_PATH}:/opt/ros/jazzy DEBUGINFOD_URLS=https://debuginfod.ubuntu.com /usr/bin/cmake /home/abhiniraula/Documents/Electronics Engineering/Sixth Semester/Minor Project/Minor Project Code/SLAM_Prototype_Niraj/esp32_bot_description -DCMAKE_INSTALL_PREFIX=/home/abhiniraula/Documents/Electronics Engineering/Sixth Semester/Minor Project/Minor Project Code/SLAM_Prototype_Niraj/install/esp32_bot
[0.027s] -- Found ament_cmake: 2.5.6 (/opt/ros/jazzy/share/ament_cmake/cmake)
[0.209s] -- Override CMake install command with custom implementation using symlinks instead of copying resources
[0.226s] -- Found rclpy: 7.1.11 (/opt/ros/jazzy/share/rclpy/cmake)
[0.310s] -- Configuring done (0.3s)
[0.314s] -- Generating done (0.0s)
[0.316s] -- Build files have been written to: /home/abhiniraula/Documents/Electronics Engineering/Sixth Semester/Minor Project/Minor Project Code/SLAM_Prototype_Niraj/build/esp32_bot
[0.319s] Invoked command in '/home/abhiniraula/Documents/Electronics Engineering/Sixth Semester/Minor Project/Minor Project Code/SLAM_Prototype_Niraj/build/esp32_bot' returned '0': CMAKE_PREFIX_PATH=${CMAKE_PREFIX_PATH}:/opt/ros/jazzy DEBUGINFOD_URLS=https://debuginfod.ubuntu.com /usr/bin/cmake /home/abhiniraula/Documents/Electronics Engineering/Sixth Semester/Minor Project/Minor Project Code/SLAM_Prototype_Niraj/esp32_bot_description -DCMAKE_INSTALL_PREFIX=/home/abhiniraula/Documents/Electronics Engineering/Sixth Semester/Minor Project/Minor Project Code/SLAM_Prototype_Niraj/install/esp32_bot
[0.320s] Invoking command in '/home/abhiniraula/Documents/Electronics Engineering/Sixth Semester/Minor Project/Minor Project Code/SLAM_Prototype_Niraj/build/esp32_bot': CMAKE_PREFIX_PATH=${CMAKE_PREFIX_PATH}:/opt/ros/jazzy DEBUGINFOD_URLS=https://debuginfod.ubuntu.com /usr/bin/cmake --build /home/abhiniraula/Documents/Electronics Engineering/Sixth Semester/Minor Project/Minor Project Code/SLAM_Prototype_Niraj/build/esp32_bot -- -j8 -l8
[0.352s] Invoked command in '/home/abhiniraula/Documents/Electronics Engineering/Sixth Semester/Minor Project/Minor Project Code/SLAM_Prototype_Niraj/build/esp32_bot' returned '0': CMAKE_PREFIX_PATH=${CMAKE_PREFIX_PATH}:/opt/ros/jazzy DEBUGINFOD_URLS=https://debuginfod.ubuntu.com /usr/bin/cmake --build /home/abhiniraula/Documents/Electronics Engineering/Sixth Semester/Minor Project/Minor Project Code/SLAM_Prototype_Niraj/build/esp32_bot -- -j8 -l8
[0.362s] Invoking command in '/home/abhiniraula/Documents/Electronics Engineering/Sixth Semester/Minor Project/Minor Project Code/SLAM_Prototype_Niraj/build/esp32_bot': CMAKE_PREFIX_PATH=${CMAKE_PREFIX_PATH}:/opt/ros/jazzy DEBUGINFOD_URLS=https://debuginfod.ubuntu.com /usr/bin/cmake --install /home/abhiniraula/Documents/Electronics Engineering/Sixth Semester/Minor Project/Minor Project Code/SLAM_Prototype_Niraj/build/esp32_bot
[0.369s] -- Install configuration: ""
[0.369s] -- Execute custom install script
[0.369s] -- Up-to-date symlink: /home/abhiniraula/Documents/Electronics Engineering/Sixth Semester/Minor Project/Minor Project Code/SLAM_Prototype_Niraj/install/esp32_bot/share/esp32_bot/urdf/esp32_bot.urdf
[0.370s] -- Up-to-date symlink: /home/abhiniraula/Documents/Electronics Engineering/Sixth Semester/Minor Project/Minor Project Code/SLAM_Prototype_Niraj/install/esp32_bot/share/esp32_bot/urdf/esp32_bot1.urdf
[0.370s] -- Up-to-date symlink: /home/abhiniraula/Documents/Electronics Engineering/Sixth Semester/Minor Project/Minor Project Code/SLAM_Prototype_Niraj/install/esp32_bot/share/esp32_bot/urdf/temp.file
[0.370s] -- Symlinking: /home/abhiniraula/Documents/Electronics Engineering/Sixth Semester/Minor Project/Minor Project Code/SLAM_Prototype_Niraj/install/esp32_bot/share/esp32_bot/launch/__pycache__/display.launch.cpython-312.pyc
[0.378s] -- Up-to-date symlink: /home/abhiniraula/Documents/Electronics Engineering/Sixth Semester/Minor Project/Minor Project Code/SLAM_Prototype_Niraj/install/esp32_bot/share/esp32_bot/launch/display.launch.py
[0.378s] -- Up-to-date symlink: /home/abhiniraula/Documents/Electronics Engineering/Sixth Semester/Minor Project/Minor Project Code/SLAM_Prototype_Niraj/install/esp32_bot/share/esp32_bot/rviz/esp32_bot.rviz
[0.379s] -- Up-to-date symlink: /home/abhiniraula/Documents/Electronics Engineering/Sixth Semester/Minor Project/Minor Project Code/SLAM_Prototype_Niraj/install/esp32_bot/share/esp32_bot/meshes/base_link.stl
[0.379s] -- Up-to-date symlink: /home/abhiniraula/Documents/Electronics Engineering/Sixth Semester/Minor Project/Minor Project Code/SLAM_Prototype_Niraj/install/esp32_bot/share/esp32_bot/meshes/caster_front_1.stl
[0.379s] -- Up-to-date symlink: /home/abhiniraula/Documents/Electronics Engineering/Sixth Semester/Minor Project/Minor Project Code/SLAM_Prototype_Niraj/install/esp32_bot/share/esp32_bot/meshes/caster_rear_1.stl
[0.379s] -- Up-to-date symlink: /home/abhiniraula/Documents/Electronics Engineering/Sixth Semester/Minor Project/Minor Project Code/SLAM_Prototype_Niraj/install/esp32_bot/share/esp32_bot/meshes/laser_1.stl
[0.379s] -- Up-to-date symlink: /home/abhiniraula/Documents/Electronics Engineering/Sixth Semester/Minor Project/Minor Project Code/SLAM_Prototype_Niraj/install/esp32_bot/share/esp32_bot/meshes/left_wheel_1.stl
[0.380s] -- Up-to-date symlink: /home/abhiniraula/Documents/Electronics Engineering/Sixth Semester/Minor Project/Minor Project Code/SLAM_Prototype_Niraj/install/esp32_bot/share/esp32_bot/meshes/right_wheel_1.stl
[0.380s] -- Up-to-date symlink: /home/abhiniraula/Documents/Electronics Engineering/Sixth Semester/Minor Project/Minor Project Code/SLAM_Prototype_Niraj/install/esp32_bot/share/ament_index/resource_index/package_run_dependencies/esp32_bot
[0.380s] -- Up-to-date symlink: /home/abhiniraula/Documents/Electronics Engineering/Sixth Semester/Minor Project/Minor Project Code/SLAM_Prototype_Niraj/install/esp32_bot/share/ament_index/resource_index/parent_prefix_path/esp32_bot
[0.380s] -- Up-to-date symlink: /home/abhiniraula/Documents/Electronics Engineering/Sixth Semester/Minor Project/Minor Project Code/SLAM_Prototype_Niraj/install/esp32_bot/share/esp32_bot/environment/ament_prefix_path.sh
[0.380s] -- Up-to-date symlink: /home/abhiniraula/Documents/Electronics Engineering/Sixth Semester/Minor Project/Minor Project Code/SLAM_Prototype_Niraj/install/esp32_bot/share/esp32_bot/environment/ament_prefix_path.dsv
[0.381s] -- Up-to-date symlink: /home/abhiniraula/Documents/Electronics Engineering/Sixth Semester/Minor Project/Minor Project Code/SLAM_Prototype_Niraj/install/esp32_bot/share/esp32_bot/environment/path.sh
[0.381s] -- Up-to-date symlink: /home/abhiniraula/Documents/Electronics Engineering/Sixth Semester/Minor Project/Minor Project Code/SLAM_Prototype_Niraj/install/esp32_bot/share/esp32_bot/environment/path.dsv
[0.381s] -- Up-to-date symlink: /home/abhiniraula/Documents/Electronics Engineering/Sixth Semester/Minor Project/Minor Project Code/SLAM_Prototype_Niraj/install/esp32_bot/share/esp32_bot/local_setup.bash
[0.381s] -- Up-to-date symlink: /home/abhiniraula/Documents/Electronics Engineering/Sixth Semester/Minor Project/Minor Project Code/SLAM_Prototype_Niraj/install/esp32_bot/share/esp32_bot/local_setup.sh
[0.381s] -- Up-to-date symlink: /home/abhiniraula/Documents/Electronics Engineering/Sixth Semester/Minor Project/Minor Project Code/SLAM_Prototype_Niraj/install/esp32_bot/share/esp32_bot/local_setup.zsh
[0.382s] -- Up-to-date symlink: /home/abhiniraula/Documents/Electronics Engineering/Sixth Semester/Minor Project/Minor Project Code/SLAM_Prototype_Niraj/install/esp32_bot/share/esp32_bot/local_setup.dsv
[0.382s] -- Symlinking: /home/abhiniraula/Documents/Electronics Engineering/Sixth Semester/Minor Project/Minor Project Code/SLAM_Prototype_Niraj/install/esp32_bot/share/esp32_bot/package.dsv
[0.390s] -- Up-to-date symlink: /home/abhiniraula/Documents/Electronics Engineering/Sixth Semester/Minor Project/Minor Project Code/SLAM_Prototype_Niraj/install/esp32_bot/share/ament_index/resource_index/packages/esp32_bot
[0.390s] -- Up-to-date symlink: /home/abhiniraula/Documents/Electronics Engineering/Sixth Semester/Minor Project/Minor Project Code/SLAM_Prototype_Niraj/install/esp32_bot/share/esp32_bot/cmake/esp32_botConfig.cmake
[0.390s] -- Up-to-date symlink: /home/abhiniraula/Documents/Electronics Engineering/Sixth Semester/Minor Project/Minor Project Code/SLAM_Prototype_Niraj/install/esp32_bot/share/esp32_bot/cmake/esp32_botConfig-version.cmake
[0.390s] -- Up-to-date symlink: /home/abhiniraula/Documents/Electronics Engineering/Sixth Semester/Minor Project/Minor Project Code/SLAM_Prototype_Niraj/install/esp32_bot/share/esp32_bot/package.xml
[0.390s] -- Up-to-date: /home/abhiniraula/Documents/Electronics Engineering/Sixth Semester/Minor Project/Minor Project Code/SLAM_Prototype_Niraj/install/esp32_bot/lib/esp32_bot/tf_relay
[0.392s] Invoked command in '/home/abhiniraula/Documents/Electronics Engineering/Sixth Semester/Minor Project/Minor Project Code/SLAM_Prototype_Niraj/build/esp32_bot' returned '0': CMAKE_PREFIX_PATH=${CMAKE_PREFIX_PATH}:/opt/ros/jazzy DEBUGINFOD_URLS=https://debuginfod.ubuntu.com /usr/bin/cmake --install /home/abhiniraula/Documents/Electronics Engineering/Sixth Semester/Minor Project/Minor Project Code/SLAM_Prototype_Niraj/build/esp32_bot
