[0.012s] Invoking command in '/home/abhiniraula/Documents/Electronics Engineering/Sixth Semester/Minor Project/Minor Project Code/SLAM_Bot_Prototype/build/esp32_bot': CMAKE_PREFIX_PATH=${CMAKE_PREFIX_PATH}:/opt/ros/jazzy DEBUGINFOD_URLS=https://debuginfod.ubuntu.com /usr/bin/cmake /home/abhiniraula/Documents/Electronics Engineering/Sixth Semester/Minor Project/Minor Project Code/SLAM_Bot_Prototype/esp32_bot_description -DCMAKE_INSTALL_PREFIX=/home/abhiniraula/Documents/Electronics Engineering/Sixth Semester/Minor Project/Minor Project Code/SLAM_Bot_Prototype/install/esp32_bot
[0.024s] -- Found ament_cmake: 2.5.6 (/opt/ros/jazzy/share/ament_cmake/cmake)
[0.207s] -- Override CMake install command with custom implementation using symlinks instead of copying resources
[0.214s] -- Found rclpy: 7.1.11 (/opt/ros/jazzy/share/rclpy/cmake)
[0.314s] -- Configuring done (0.3s)
[0.317s] -- Generating done (0.0s)
[0.319s] -- Build files have been written to: /home/abhiniraula/Documents/Electronics Engineering/Sixth Semester/Minor Project/Minor Project Code/SLAM_Bot_Prototype/build/esp32_bot
[0.322s] Invoked command in '/home/abhiniraula/Documents/Electronics Engineering/Sixth Semester/Minor Project/Minor Project Code/SLAM_Bot_Prototype/build/esp32_bot' returned '0': CMAKE_PREFIX_PATH=${CMAKE_PREFIX_PATH}:/opt/ros/jazzy DEBUGINFOD_URLS=https://debuginfod.ubuntu.com /usr/bin/cmake /home/abhiniraula/Documents/Electronics Engineering/Sixth Semester/Minor Project/Minor Project Code/SLAM_Bot_Prototype/esp32_bot_description -DCMAKE_INSTALL_PREFIX=/home/abhiniraula/Documents/Electronics Engineering/Sixth Semester/Minor Project/Minor Project Code/SLAM_Bot_Prototype/install/esp32_bot
[0.324s] Invoking command in '/home/abhiniraula/Documents/Electronics Engineering/Sixth Semester/Minor Project/Minor Project Code/SLAM_Bot_Prototype/build/esp32_bot': CMAKE_PREFIX_PATH=${CMAKE_PREFIX_PATH}:/opt/ros/jazzy DEBUGINFOD_URLS=https://debuginfod.ubuntu.com /usr/bin/cmake --build /home/abhiniraula/Documents/Electronics Engineering/Sixth Semester/Minor Project/Minor Project Code/SLAM_Bot_Prototype/build/esp32_bot -- -j8 -l8
[0.359s] Invoked command in '/home/abhiniraula/Documents/Electronics Engineering/Sixth Semester/Minor Project/Minor Project Code/SLAM_Bot_Prototype/build/esp32_bot' returned '0': CMAKE_PREFIX_PATH=${CMAKE_PREFIX_PATH}:/opt/ros/jazzy DEBUGINFOD_URLS=https://debuginfod.ubuntu.com /usr/bin/cmake --build /home/abhiniraula/Documents/Electronics Engineering/Sixth Semester/Minor Project/Minor Project Code/SLAM_Bot_Prototype/build/esp32_bot -- -j8 -l8
[0.368s] Invoking command in '/home/abhiniraula/Documents/Electronics Engineering/Sixth Semester/Minor Project/Minor Project Code/SLAM_Bot_Prototype/build/esp32_bot': CMAKE_PREFIX_PATH=${CMAKE_PREFIX_PATH}:/opt/ros/jazzy DEBUGINFOD_URLS=https://debuginfod.ubuntu.com /usr/bin/cmake --install /home/abhiniraula/Documents/Electronics Engineering/Sixth Semester/Minor Project/Minor Project Code/SLAM_Bot_Prototype/build/esp32_bot
[0.374s] -- Install configuration: ""
[0.374s] -- Execute custom install script
[0.375s] -- Up-to-date symlink: /home/abhiniraula/Documents/Electronics Engineering/Sixth Semester/Minor Project/Minor Project Code/SLAM_Bot_Prototype/install/esp32_bot/share/esp32_bot/urdf/esp32_bot.urdf
[0.375s] -- Up-to-date symlink: /home/abhiniraula/Documents/Electronics Engineering/Sixth Semester/Minor Project/Minor Project Code/SLAM_Bot_Prototype/install/esp32_bot/share/esp32_bot/urdf/esp32_bot1.urdf
[0.375s] -- Up-to-date symlink: /home/abhiniraula/Documents/Electronics Engineering/Sixth Semester/Minor Project/Minor Project Code/SLAM_Bot_Prototype/install/esp32_bot/share/esp32_bot/urdf/temp.file
[0.375s] -- Symlinking: /home/abhiniraula/Documents/Electronics Engineering/Sixth Semester/Minor Project/Minor Project Code/SLAM_Bot_Prototype/install/esp32_bot/share/esp32_bot/launch/__pycache__/display.launch.cpython-312.pyc
[0.382s] -- Up-to-date symlink: /home/abhiniraula/Documents/Electronics Engineering/Sixth Semester/Minor Project/Minor Project Code/SLAM_Bot_Prototype/install/esp32_bot/share/esp32_bot/launch/display.launch.py
[0.383s] -- Up-to-date symlink: /home/abhiniraula/Documents/Electronics Engineering/Sixth Semester/Minor Project/Minor Project Code/SLAM_Bot_Prototype/install/esp32_bot/share/esp32_bot/rviz/esp32_bot.rviz
[0.383s] -- Up-to-date symlink: /home/abhiniraula/Documents/Electronics Engineering/Sixth Semester/Minor Project/Minor Project Code/SLAM_Bot_Prototype/install/esp32_bot/share/esp32_bot/meshes/base_link.stl
[0.383s] -- Up-to-date symlink: /home/abhiniraula/Documents/Electronics Engineering/Sixth Semester/Minor Project/Minor Project Code/SLAM_Bot_Prototype/install/esp32_bot/share/esp32_bot/meshes/caster_front_1.stl
[0.383s] -- Up-to-date symlink: /home/abhiniraula/Documents/Electronics Engineering/Sixth Semester/Minor Project/Minor Project Code/SLAM_Bot_Prototype/install/esp32_bot/share/esp32_bot/meshes/caster_rear_1.stl
[0.383s] -- Up-to-date symlink: /home/abhiniraula/Documents/Electronics Engineering/Sixth Semester/Minor Project/Minor Project Code/SLAM_Bot_Prototype/install/esp32_bot/share/esp32_bot/meshes/laser_1.stl
[0.383s] -- Up-to-date symlink: /home/abhiniraula/Documents/Electronics Engineering/Sixth Semester/Minor Project/Minor Project Code/SLAM_Bot_Prototype/install/esp32_bot/share/esp32_bot/meshes/left_wheel_1.stl
[0.384s] -- Up-to-date symlink: /home/abhiniraula/Documents/Electronics Engineering/Sixth Semester/Minor Project/Minor Project Code/SLAM_Bot_Prototype/install/esp32_bot/share/esp32_bot/meshes/right_wheel_1.stl
[0.384s] -- Up-to-date symlink: /home/abhiniraula/Documents/Electronics Engineering/Sixth Semester/Minor Project/Minor Project Code/SLAM_Bot_Prototype/install/esp32_bot/share/ament_index/resource_index/package_run_dependencies/esp32_bot
[0.384s] -- Up-to-date symlink: /home/abhiniraula/Documents/Electronics Engineering/Sixth Semester/Minor Project/Minor Project Code/SLAM_Bot_Prototype/install/esp32_bot/share/ament_index/resource_index/parent_prefix_path/esp32_bot
[0.384s] -- Up-to-date symlink: /home/abhiniraula/Documents/Electronics Engineering/Sixth Semester/Minor Project/Minor Project Code/SLAM_Bot_Prototype/install/esp32_bot/share/esp32_bot/environment/ament_prefix_path.sh
[0.384s] -- Up-to-date symlink: /home/abhiniraula/Documents/Electronics Engineering/Sixth Semester/Minor Project/Minor Project Code/SLAM_Bot_Prototype/install/esp32_bot/share/esp32_bot/environment/ament_prefix_path.dsv
[0.384s] -- Up-to-date symlink: /home/abhiniraula/Documents/Electronics Engineering/Sixth Semester/Minor Project/Minor Project Code/SLAM_Bot_Prototype/install/esp32_bot/share/esp32_bot/environment/path.sh
[0.384s] -- Up-to-date symlink: /home/abhiniraula/Documents/Electronics Engineering/Sixth Semester/Minor Project/Minor Project Code/SLAM_Bot_Prototype/install/esp32_bot/share/esp32_bot/environment/path.dsv
[0.384s] -- Up-to-date symlink: /home/abhiniraula/Documents/Electronics Engineering/Sixth Semester/Minor Project/Minor Project Code/SLAM_Bot_Prototype/install/esp32_bot/share/esp32_bot/local_setup.bash
[0.384s] -- Up-to-date symlink: /home/abhiniraula/Documents/Electronics Engineering/Sixth Semester/Minor Project/Minor Project Code/SLAM_Bot_Prototype/install/esp32_bot/share/esp32_bot/local_setup.sh
[0.384s] -- Up-to-date symlink: /home/abhiniraula/Documents/Electronics Engineering/Sixth Semester/Minor Project/Minor Project Code/SLAM_Bot_Prototype/install/esp32_bot/share/esp32_bot/local_setup.zsh
[0.385s] -- Up-to-date symlink: /home/abhiniraula/Documents/Electronics Engineering/Sixth Semester/Minor Project/Minor Project Code/SLAM_Bot_Prototype/install/esp32_bot/share/esp32_bot/local_setup.dsv
[0.385s] -- Symlinking: /home/abhiniraula/Documents/Electronics Engineering/Sixth Semester/Minor Project/Minor Project Code/SLAM_Bot_Prototype/install/esp32_bot/share/esp32_bot/package.dsv
[0.392s] -- Up-to-date symlink: /home/abhiniraula/Documents/Electronics Engineering/Sixth Semester/Minor Project/Minor Project Code/SLAM_Bot_Prototype/install/esp32_bot/share/ament_index/resource_index/packages/esp32_bot
[0.392s] -- Up-to-date symlink: /home/abhiniraula/Documents/Electronics Engineering/Sixth Semester/Minor Project/Minor Project Code/SLAM_Bot_Prototype/install/esp32_bot/share/esp32_bot/cmake/esp32_botConfig.cmake
[0.392s] -- Up-to-date symlink: /home/abhiniraula/Documents/Electronics Engineering/Sixth Semester/Minor Project/Minor Project Code/SLAM_Bot_Prototype/install/esp32_bot/share/esp32_bot/cmake/esp32_botConfig-version.cmake
[0.392s] -- Up-to-date symlink: /home/abhiniraula/Documents/Electronics Engineering/Sixth Semester/Minor Project/Minor Project Code/SLAM_Bot_Prototype/install/esp32_bot/share/esp32_bot/package.xml
[0.393s] -- Up-to-date: /home/abhiniraula/Documents/Electronics Engineering/Sixth Semester/Minor Project/Minor Project Code/SLAM_Bot_Prototype/install/esp32_bot/lib/esp32_bot/tf_relay
[0.395s] Invoked command in '/home/abhiniraula/Documents/Electronics Engineering/Sixth Semester/Minor Project/Minor Project Code/SLAM_Bot_Prototype/build/esp32_bot' returned '0': CMAKE_PREFIX_PATH=${CMAKE_PREFIX_PATH}:/opt/ros/jazzy DEBUGINFOD_URLS=https://debuginfod.ubuntu.com /usr/bin/cmake --install /home/abhiniraula/Documents/Electronics Engineering/Sixth Semester/Minor Project/Minor Project Code/SLAM_Bot_Prototype/build/esp32_bot
